<html>
<body>
<pre>
<h1>µVision Build Log</h1>
<h2>Tool Versions:</h2>
IDE-Version: ¦ÌVision V5.38.0.0
Copyright (C) 2022 ARM Ltd and ARM Germany GmbH. All rights reserved.
License Information: 1 AngeliaYe2007@outlook.com, 1, LIC=BL28G-V1B1S-VJ76J-U6M4B-ZHPE5-PL8TX
 
Tool Versions:
Toolchain:       MDK-ARM Professional  Version: 5.38.0.0
Toolchain Path:  C:\Keil_v5\ARM\ARMCC\Bin
C Compiler:      Armcc.exe V5.06 update 6 (build 750)
Assembler:       Armasm.exe V5.06 update 6 (build 750)
Linker/Locator:  ArmLink.exe V5.06 update 6 (build 750)
Library Manager: ArmAr.exe V5.06 update 6 (build 750)
Hex Converter:   FromElf.exe V5.06 update 6 (build 750)
CPU DLL:         SARMCM3.DLL V5.38.0.0
Dialog DLL:      DCM.DLL V1.17.5.0
Target DLL:      Segger\JL2CM3.dll V2.99.42.0
Dialog DLL:      TCM.DLL V1.56.4.0
 
<h2>Project:</h2>
E:\robots_code\MDK-ARM\GZ.uvprojx
Project File Date:  06/20/2026

<h2>Output:</h2>
*** Using Compiler 'V5.06 update 6 (build 750)', folder: 'C:\Keil_v5\ARM\ARMCC\Bin'
Rebuild target 'GZ'
assembling startup_stm32f405xx.s...
compiling stm32f4xx_hal_timebase_tim.c...
compiling usart.c...
../MDK-ARM/global.h(4): warning:  #47-D: incompatible redefinition of macro "USE_CRSF" 
  #define USE_CRSF
../MDK-ARM/global.h(8): warning:  #1-D: last line of file ends without a newline
  #endif
../Core/Src/usart.c: 2 warnings, 0 errors
compiling stm32f4xx_ll_adc.c...
compiling adc.c...
../MDK-ARM/global.h(4): warning:  #47-D: incompatible redefinition of macro "USE_CRSF" 
  #define USE_CRSF
../MDK-ARM/global.h(8): warning:  #1-D: last line of file ends without a newline
  #endif
../Core/Src/adc.c: 2 warnings, 0 errors
compiling dma.c...
../MDK-ARM/global.h(4): warning:  #47-D: incompatible redefinition of macro "USE_CRSF" 
  #define USE_CRSF
../MDK-ARM/global.h(8): warning:  #1-D: last line of file ends without a newline
  #endif
../Core/Src/dma.c: 2 warnings, 0 errors
compiling tim.c...
../MDK-ARM/global.h(4): warning:  #47-D: incompatible redefinition of macro "USE_CRSF" 
  #define USE_CRSF
../MDK-ARM/global.h(8): warning:  #1-D: last line of file ends without a newline
  #endif
../Core/Src/tim.c: 2 warnings, 0 errors
compiling stm32f4xx_hal_adc.c...
compiling main.c...
../MDK-ARM/global.h(4): warning:  #47-D: incompatible redefinition of macro "USE_CRSF" 
  #define USE_CRSF
../MDK-ARM/global.h(8): warning:  #1-D: last line of file ends without a newline
  #endif
../Core/Src/main.c: 2 warnings, 0 errors
compiling stm32f4xx_hal_msp.c...
../MDK-ARM/global.h(4): warning:  #47-D: incompatible redefinition of macro "USE_CRSF" 
  #define USE_CRSF
../MDK-ARM/global.h(8): warning:  #1-D: last line of file ends without a newline
  #endif
../Core/Src/stm32f4xx_hal_msp.c: 2 warnings, 0 errors
compiling stm32f4xx_it.c...
../MDK-ARM/global.h(4): warning:  #47-D: incompatible redefinition of macro "USE_CRSF" 
  #define USE_CRSF
../MDK-ARM/global.h(8): warning:  #1-D: last line of file ends without a newline
  #endif
../Core/Src/stm32f4xx_it.c: 2 warnings, 0 errors
compiling can.c...
../MDK-ARM/global.h(4): warning:  #47-D: incompatible redefinition of macro "USE_CRSF" 
  #define USE_CRSF
../MDK-ARM/global.h(8): warning:  #1-D: last line of file ends without a newline
  #endif
../Core/Src/can.c: 2 warnings, 0 errors
compiling freertos.c...
../MDK-ARM/global.h(4): warning:  #47-D: incompatible redefinition of macro "USE_CRSF" 
  #define USE_CRSF
../MDK-ARM/global.h(8): warning:  #1-D: last line of file ends without a newline
  #endif
../Core/Src/freertos.c(270): warning:  #223-D: function "tense_update" declared implicitly
   tense_update();
../Core/Src/freertos.c: 3 warnings, 0 errors
compiling gpio.c...
../MDK-ARM/global.h(4): warning:  #47-D: incompatible redefinition of macro "USE_CRSF" 
  #define USE_CRSF
../MDK-ARM/global.h(8): warning:  #1-D: last line of file ends without a newline
  #endif
../Core/Src/gpio.c: 2 warnings, 0 errors
compiling spi.c...
../MDK-ARM/global.h(4): warning:  #47-D: incompatible redefinition of macro "USE_CRSF" 
  #define USE_CRSF
../MDK-ARM/global.h(8): warning:  #1-D: last line of file ends without a newline
  #endif
../Core/Src/spi.c: 2 warnings, 0 errors
compiling stm32f4xx_hal_flash.c...
compiling stm32f4xx_hal_pwr.c...
compiling stm32f4xx_hal_adc_ex.c...
compiling stm32f4xx_hal_flash_ramfunc.c...
compiling stm32f4xx_hal_gpio.c...
compiling stm32f4xx_hal_flash_ex.c...
compiling stm32f4xx_hal_rcc.c...
compiling stm32f4xx_hal_pwr_ex.c...
compiling stm32f4xx_hal_dma.c...
compiling stm32f4xx_hal_rcc_ex.c...
compiling stm32f4xx_hal_cortex.c...
compiling stm32f4xx_hal.c...
compiling list.c...
compiling croutine.c...
compiling event_groups.c...
compiling stm32f4xx_hal_dma_ex.c...
compiling queue.c...
compiling timers.c...
compiling stream_buffer.c...
compiling heap_4.c...
compiling tasks.c...
compiling port.c...
compiling cmsis_os.c...
compiling stm32f4xx_hal_exti.c...
compiling motor.c...
../MDK-ARM/global.h(4): warning:  #47-D: incompatible redefinition of macro "USE_CRSF" 
  #define USE_CRSF
../MDK-ARM/global.h(8): warning:  #1-D: last line of file ends without a newline
  #endif
..\DDriver\motor.c(7): warning:  #550-D: variable "Lmotor3"  was set but never used
  	int16_t Lmotor1,Lmotor2,Lmotor3,Lmotor4,Lmotor5;
..\DDriver\motor.c(7): warning:  #550-D: variable "Lmotor4"  was set but never used
  	int16_t Lmotor1,Lmotor2,Lmotor3,Lmotor4,Lmotor5;
..\DDriver\motor.c(7): warning:  #550-D: variable "Lmotor5"  was set but never used
  	int16_t Lmotor1,Lmotor2,Lmotor3,Lmotor4,Lmotor5;
..\DDriver\motor.c: 5 warnings, 0 errors
compiling spl06.c...
../MDK-ARM/global.h(4): warning:  #47-D: incompatible redefinition of macro "USE_CRSF" 
  #define USE_CRSF
../MDK-ARM/global.h(8): warning:  #1-D: last line of file ends without a newline
  #endif
..\DDriver\spl06.c: 2 warnings, 0 errors
compiling system_stm32f4xx.c...
compiling soft_iic.c...
../MDK-ARM/global.h(4): warning:  #47-D: incompatible redefinition of macro "USE_CRSF" 
  #define USE_CRSF
../MDK-ARM/global.h(8): warning:  #1-D: last line of file ends without a newline
  #endif
..\DDriver\soft_iic.c: 2 warnings, 0 errors
compiling stm32f4xx_hal_can.c...
compiling system.c...
../MDK-ARM/global.h(4): warning:  #47-D: incompatible redefinition of macro "USE_CRSF" 
  #define USE_CRSF
../MDK-ARM/global.h(8): warning:  #1-D: last line of file ends without a newline
  #endif
..\DDriver\system.c: 2 warnings, 0 errors
compiling STS3032.c...
compiling filter.c...
../MDK-ARM/global.h(4): warning:  #47-D: incompatible redefinition of macro "USE_CRSF" 
  #define USE_CRSF
../MDK-ARM/global.h(8): warning:  #1-D: last line of file ends without a newline
  #endif
..\DDriver\filter.c: 2 warnings, 0 errors
compiling stm32f4xx_hal_tim_ex.c...
compiling stm32f4xx_hal_uart.c...
compiling imu_bmi088.c...
../MDK-ARM/global.h(4): warning:  #47-D: incompatible redefinition of macro "USE_CRSF" 
  #define USE_CRSF
../MDK-ARM/global.h(8): warning:  #1-D: last line of file ends without a newline
  #endif
..\DDriver\imu_bmi088.c: 2 warnings, 0 errors
compiling stm32f4xx_hal_spi.c...
compiling stm32f4xx_hal_tim.c...
compiling SCS.c...
compiling bmi085.c...
compiling bmi088.c...
compiling SMS_STS.c...
compiling bmi08g.c...
compiling bmi08a.c...
compiling BasicMathFunctions.c...
C:\Users\Angel\AppData\Local\Arm\Packs\ARM\CMSIS-DSP\1.17.0\PrivateInclude\arm_compiler_specific.h(20): warning:  #1-D: last line of file ends without a newline
  #endif
C:/Users/Angel/AppData/Local/Arm/Packs/ARM/CMSIS-DSP/1.17.0/Source/BasicMathFunctions/BasicMathFunctions.c: 1 warning, 0 errors
compiling BasicMathFunctionsF16.c...
C:\Users\Angel\AppData\Local\Arm\Packs\ARM\CMSIS-DSP\1.17.0\PrivateInclude\arm_compiler_specific.h(20): warning:  #1-D: last line of file ends without a newline
  #endif
C:/Users/Angel/AppData/Local/Arm/Packs/ARM/CMSIS-DSP/1.17.0/Source/BasicMathFunctions/BasicMathFunctionsF16.c: 1 warning, 0 errors
compiling I2C.c...
../MDK-ARM/global.h(4): warning:  #47-D: incompatible redefinition of macro "USE_CRSF" 
  #define USE_CRSF
../MDK-ARM/global.h(8): warning:  #1-D: last line of file ends without a newline
  #endif
..\DDriver\I2C.c: 2 warnings, 0 errors
compiling BayesFunctions.c...
C:\Users\Angel\AppData\Local\Arm\Packs\ARM\CMSIS-DSP\1.17.0\PrivateInclude\arm_compiler_specific.h(20): warning:  #1-D: last line of file ends without a newline
  #endif
C:/Users/Angel/AppData/Local/Arm/Packs/ARM/CMSIS-DSP/1.17.0/Source/BayesFunctions/BayesFunctions.c: 1 warning, 0 errors
compiling BayesFunctionsF16.c...
C:\Users\Angel\AppData\Local\Arm\Packs\ARM\CMSIS-DSP\1.17.0\PrivateInclude\arm_compiler_specific.h(20): warning:  #1-D: last line of file ends without a newline
  #endif
C:/Users/Angel/AppData/Local/Arm/Packs/ARM/CMSIS-DSP/1.17.0/Source/BayesFunctions/BayesFunctionsF16.c: 1 warning, 0 errors
compiling CommonTablesF16.c...
C:\Users\Angel\AppData\Local\Arm\Packs\ARM\CMSIS-DSP\1.17.0\PrivateInclude\arm_compiler_specific.h(20): warning:  #1-D: last line of file ends without a newline
  #endif
C:/Users/Angel/AppData/Local/Arm/Packs/ARM/CMSIS-DSP/1.17.0/Source/CommonTables/CommonTablesF16.c(31): warning:  #1-D: last line of file ends without a newline
  #include "arm_mve_tables_f16.c"
C:/Users/Angel/AppData/Local/Arm/Packs/ARM/CMSIS-DSP/1.17.0/Source/CommonTables/CommonTablesF16.c: 2 warnings, 0 errors
compiling ComplexMathFunctions.c...
C:\Users\Angel\AppData\Local\Arm\Packs\ARM\CMSIS-DSP\1.17.0\PrivateInclude\arm_compiler_specific.h(20): warning:  #1-D: last line of file ends without a newline
  #endif
C:/Users/Angel/AppData/Local/Arm/Packs/ARM/CMSIS-DSP/1.17.0/Source/ComplexMathFunctions/ComplexMathFunctions.c: 1 warning, 0 errors
compiling led.c...
../MDK-ARM/global.h(4): warning:  #47-D: incompatible redefinition of macro "USE_CRSF" 
  #define USE_CRSF
../MDK-ARM/global.h(8): warning:  #1-D: last line of file ends without a newline
  #endif
..\DDriver\led.c: 2 warnings, 0 errors
compiling CommonTables.c...
C:\Users\Angel\AppData\Local\Arm\Packs\ARM\CMSIS-DSP\1.17.0\PrivateInclude\arm_compiler_specific.h(20): warning:  #1-D: last line of file ends without a newline
  #endif
C:/Users/Angel/AppData/Local/Arm/Packs/ARM/CMSIS-DSP/1.17.0/Source/CommonTables/CommonTables.c(31): warning:  #1-D: last line of file ends without a newline
  #include "arm_mve_tables.c"
C:/Users/Angel/AppData/Local/Arm/Packs/ARM/CMSIS-DSP/1.17.0/Source/CommonTables/CommonTables.c: 2 warnings, 0 errors
compiling SCSerail.c...
compiling pid.c...
../MDK-ARM/global.h(4): warning:  #47-D: incompatible redefinition of macro "USE_CRSF" 
  #define USE_CRSF
../MDK-ARM/global.h(8): warning:  #1-D: last line of file ends without a newline
  #endif
..\DDriver\pid.c: 2 warnings, 0 errors
compiling ComplexMathFunctionsF16.c...
C:\Users\Angel\AppData\Local\Arm\Packs\ARM\CMSIS-DSP\1.17.0\PrivateInclude\arm_compiler_specific.h(20): warning:  #1-D: last line of file ends without a newline
  #endif
C:/Users/Angel/AppData/Local/Arm/Packs/ARM/CMSIS-DSP/1.17.0/Source/ComplexMathFunctions/ComplexMathFunctionsF16.c: 1 warning, 0 errors
compiling control.c...
../MDK-ARM/global.h(4): warning:  #47-D: incompatible redefinition of macro "USE_CRSF" 
  #define USE_CRSF
../MDK-ARM/global.h(8): warning:  #1-D: last line of file ends without a newline
  #endif
..\DDriver\control.c(170): warning:  #111-D: statement is unreachable
  			break;
..\DDriver\control.c(175): warning:  #111-D: statement is unreachable
  			break;
..\DDriver\control.c(180): warning:  #111-D: statement is unreachable
  			break;					
..\DDriver\control.c: 5 warnings, 0 errors
compiling QMC5883L.c...
../MDK-ARM/global.h(4): warning:  #47-D: incompatible redefinition of macro "USE_CRSF" 
  #define USE_CRSF
../MDK-ARM/global.h(8): warning:  #1-D: last line of file ends without a newline
  #endif
..\DDriver\QMC5883L.c: 2 warnings, 0 errors
compiling frsky.c...
../MDK-ARM/global.h(4): warning:  #47-D: incompatible redefinition of macro "USE_CRSF" 
  #define USE_CRSF
../MDK-ARM/global.h(8): warning:  #1-D: last line of file ends without a newline
  #endif
..\DDriver\frsky.c: 2 warnings, 0 errors
compiling rc.c...
../MDK-ARM/global.h(4): warning:  #47-D: incompatible redefinition of macro "USE_CRSF" 
  #define USE_CRSF
../MDK-ARM/global.h(8): warning:  #1-D: last line of file ends without a newline
  #endif
..\DDriver\rc.c: 2 warnings, 0 errors
compiling ControllerFunctions.c...
C:\Users\Angel\AppData\Local\Arm\Packs\ARM\CMSIS-DSP\1.17.0\PrivateInclude\arm_compiler_specific.h(20): warning:  #1-D: last line of file ends without a newline
  #endif
C:/Users/Angel/AppData/Local/Arm/Packs/ARM/CMSIS-DSP/1.17.0/Source/ControllerFunctions/ControllerFunctions.c: 1 warning, 0 errors
compiling DistanceFunctionsF16.c...
C:\Users\Angel\AppData\Local\Arm\Packs\ARM\CMSIS-DSP\1.17.0\PrivateInclude\arm_compiler_specific.h(20): warning:  #1-D: last line of file ends without a newline
  #endif
C:/Users/Angel/AppData/Local/Arm/Packs/ARM/CMSIS-DSP/1.17.0/Source/DistanceFunctions/DistanceFunctionsF16.c: 1 warning, 0 errors
compiling FastMathFunctionsF16.c...
C:\Users\Angel\AppData\Local\Arm\Packs\ARM\CMSIS-DSP\1.17.0\PrivateInclude\arm_compiler_specific.h(20): warning:  #1-D: last line of file ends without a newline
  #endif
C:/Users/Angel/AppData/Local/Arm/Packs/ARM/CMSIS-DSP/1.17.0/Source/FastMathFunctions/FastMathFunctionsF16.c: 1 warning, 0 errors
compiling DistanceFunctions.c...
C:\Users\Angel\AppData\Local\Arm\Packs\ARM\CMSIS-DSP\1.17.0\PrivateInclude\arm_compiler_specific.h(20): warning:  #1-D: last line of file ends without a newline
  #endif
C:/Users/Angel/AppData/Local/Arm/Packs/ARM/CMSIS-DSP/1.17.0/Source/DistanceFunctions/DistanceFunctions.c(54): warning:  #1-D: last line of file ends without a newline
  #include "arm_dtw_init_window_q7.c"
C:/Users/Angel/AppData/Local/Arm/Packs/ARM/CMSIS-DSP/1.17.0/Source/DistanceFunctions/DistanceFunctions.c: 2 warnings, 0 errors
compiling FastMathFunctions.c...
C:\Users\Angel\AppData\Local\Arm\Packs\ARM\CMSIS-DSP\1.17.0\PrivateInclude\arm_compiler_specific.h(20): warning:  #1-D: last line of file ends without a newline
  #endif
C:/Users/Angel/AppData/Local/Arm/Packs/ARM/CMSIS-DSP/1.17.0/Source/FastMathFunctions/FastMathFunctions.c: 1 warning, 0 errors
compiling FilteringFunctionsF16.c...
C:\Users\Angel\AppData\Local\Arm\Packs\ARM\CMSIS-DSP\1.17.0\PrivateInclude\arm_compiler_specific.h(20): warning:  #1-D: last line of file ends without a newline
  #endif
C:/Users/Angel/AppData/Local/Arm/Packs/ARM/CMSIS-DSP/1.17.0/Source/FilteringFunctions/FilteringFunctionsF16.c: 1 warning, 0 errors
compiling InterpolationFunctions.c...
C:\Users\Angel\AppData\Local\Arm\Packs\ARM\CMSIS-DSP\1.17.0\PrivateInclude\arm_compiler_specific.h(20): warning:  #1-D: last line of file ends without a newline
  #endif
C:/Users/Angel/AppData/Local/Arm/Packs/ARM/CMSIS-DSP/1.17.0/Source/InterpolationFunctions/InterpolationFunctions.c: 1 warning, 0 errors
compiling InterpolationFunctionsF16.c...
C:\Users\Angel\AppData\Local\Arm\Packs\ARM\CMSIS-DSP\1.17.0\PrivateInclude\arm_compiler_specific.h(20): warning:  #1-D: last line of file ends without a newline
  #endif
C:/Users/Angel/AppData/Local/Arm/Packs/ARM/CMSIS-DSP/1.17.0/Source/InterpolationFunctions/InterpolationFunctionsF16.c: 1 warning, 0 errors
compiling alt.c...
../MDK-ARM/global.h(4): warning:  #47-D: incompatible redefinition of macro "USE_CRSF" 
  #define USE_CRSF
../MDK-ARM/global.h(8): warning:  #1-D: last line of file ends without a newline
  #endif
..\DDriver\alt.c: 2 warnings, 0 errors
compiling MatrixFunctionsF16.c...
C:\Users\Angel\AppData\Local\Arm\Packs\ARM\CMSIS-DSP\1.17.0\PrivateInclude\arm_compiler_specific.h(20): warning:  #1-D: last line of file ends without a newline
  #endif
C:/Users/Angel/AppData/Local/Arm/Packs/ARM/CMSIS-DSP/1.17.0/Source/MatrixFunctions/MatrixFunctionsF16.c(43): warning:  #1-D: last line of file ends without a newline
  #include "arm_householder_f16.c"
C:/Users/Angel/AppData/Local/Arm/Packs/ARM/CMSIS-DSP/1.17.0/Source/MatrixFunctions/MatrixFunctionsF16.c: 2 warnings, 0 errors
compiling QuaternionMathFunctions.c...
C:\Users\Angel\AppData\Local\Arm\Packs\ARM\CMSIS-DSP\1.17.0\PrivateInclude\arm_compiler_specific.h(20): warning:  #1-D: last line of file ends without a newline
  #endif
C:/Users/Angel/AppData/Local/Arm/Packs/ARM/CMSIS-DSP/1.17.0/Source/QuaternionMathFunctions/QuaternionMathFunctions.c: 1 warning, 0 errors
compiling SVMFunctions.c...
C:\Users\Angel\AppData\Local\Arm\Packs\ARM\CMSIS-DSP\1.17.0\PrivateInclude\arm_compiler_specific.h(20): warning:  #1-D: last line of file ends without a newline
  #endif
C:/Users/Angel/AppData/Local/Arm/Packs/ARM/CMSIS-DSP/1.17.0/Source/SVMFunctions/SVMFunctions.c: 1 warning, 0 errors
compiling SVMFunctionsF16.c...
C:\Users\Angel\AppData\Local\Arm\Packs\ARM\CMSIS-DSP\1.17.0\PrivateInclude\arm_compiler_specific.h(20): warning:  #1-D: last line of file ends without a newline
  #endif
C:/Users/Angel/AppData/Local/Arm/Packs/ARM/CMSIS-DSP/1.17.0/Source/SVMFunctions/SVMFunctionsF16.c: 1 warning, 0 errors
compiling uart.c...
../MDK-ARM/global.h(4): warning:  #47-D: incompatible redefinition of macro "USE_CRSF" 
  #define USE_CRSF
../MDK-ARM/global.h(8): warning:  #1-D: last line of file ends without a newline
  #endif
..\SCSLIB\uart.c: 2 warnings, 0 errors
compiling StatisticsFunctionsF16.c...
C:\Users\Angel\AppData\Local\Arm\Packs\ARM\CMSIS-DSP\1.17.0\PrivateInclude\arm_compiler_specific.h(20): warning:  #1-D: last line of file ends without a newline
  #endif
C:/Users/Angel/AppData/Local/Arm/Packs/ARM/CMSIS-DSP/1.17.0/Source/StatisticsFunctions/StatisticsFunctionsF16.c: 1 warning, 0 errors
compiling SupportFunctionsF16.c...
C:\Users\Angel\AppData\Local\Arm\Packs\ARM\CMSIS-DSP\1.17.0\PrivateInclude\arm_compiler_specific.h(20): warning:  #1-D: last line of file ends without a newline
  #endif
C:/Users/Angel/AppData/Local/Arm/Packs/ARM/CMSIS-DSP/1.17.0/Source/SupportFunctions/SupportFunctionsF16.c: 1 warning, 0 errors
compiling WritePos.c...
../MDK-ARM/global.h(4): warning:  #47-D: incompatible redefinition of macro "USE_CRSF" 
  #define USE_CRSF
../MDK-ARM/global.h(8): warning:  #1-D: last line of file ends without a newline
  #endif
..\SCSLIB\api\WritePos.c: 2 warnings, 0 errors
compiling TransformFunctionsF16.c...
C:\Users\Angel\AppData\Local\Arm\Packs\ARM\CMSIS-DSP\1.17.0\PrivateInclude\arm_compiler_specific.h(20): warning:  #1-D: last line of file ends without a newline
  #endif
C:/Users/Angel/AppData/Local/Arm/Packs/ARM/CMSIS-DSP/1.17.0/Source/TransformFunctions/TransformFunctionsF16.c: 1 warning, 0 errors
compiling SupportFunctions.c...
C:\Users\Angel\AppData\Local\Arm\Packs\ARM\CMSIS-DSP\1.17.0\PrivateInclude\arm_compiler_specific.h(20): warning:  #1-D: last line of file ends without a newline
  #endif
C:/Users/Angel/AppData/Local/Arm/Packs/ARM/CMSIS-DSP/1.17.0/Source/SupportFunctions/SupportFunctions.c: 1 warning, 0 errors
compiling StatisticsFunctions.c...
C:\Users\Angel\AppData\Local\Arm\Packs\ARM\CMSIS-DSP\1.17.0\PrivateInclude\arm_compiler_specific.h(20): warning:  #1-D: last line of file ends without a newline
  #endif
C:/Users/Angel/AppData/Local/Arm/Packs/ARM/CMSIS-DSP/1.17.0/Source/StatisticsFunctions/StatisticsFunctions.c: 1 warning, 0 errors
compiling WindowFunctions.c...
C:\Users\Angel\AppData\Local\Arm\Packs\ARM\CMSIS-DSP\1.17.0\PrivateInclude\arm_compiler_specific.h(20): warning:  #1-D: last line of file ends without a newline
  #endif
C:/Users/Angel/AppData/Local/Arm/Packs/ARM/CMSIS-DSP/1.17.0/Source/WindowFunctions/WindowFunctions.c: 1 warning, 0 errors
compiling MatrixFunctions.c...
C:\Users\Angel\AppData\Local\Arm\Packs\ARM\CMSIS-DSP\1.17.0\PrivateInclude\arm_compiler_specific.h(20): warning:  #1-D: last line of file ends without a newline
  #endif
C:/Users/Angel/AppData/Local/Arm/Packs/ARM/CMSIS-DSP/1.17.0/Source/MatrixFunctions/MatrixFunctions.c: 1 warning, 0 errors
compiling TransformFunctions.c...
C:\Users\Angel\AppData\Local\Arm\Packs\ARM\CMSIS-DSP\1.17.0\PrivateInclude\arm_compiler_specific.h(20): warning:  #1-D: last line of file ends without a newline
  #endif
C:/Users/Angel/AppData/Local/Arm/Packs/ARM/CMSIS-DSP/1.17.0/Source/TransformFunctions/arm_rfft_fast_init_f32.c(369): warning:  #111-D: statement is unreachable
      break;
C:/Users/Angel/AppData/Local/Arm/Packs/ARM/CMSIS-DSP/1.17.0/Source/TransformFunctions/arm_rfft_fast_init_f64.c(319): warning:  #111-D: statement is unreachable
      break;
C:/Users/Angel/AppData/Local/Arm/Packs/ARM/CMSIS-DSP/1.17.0/Source/TransformFunctions/arm_transform_buffer_sizes.c(172): warning:  #111-D: statement is unreachable
          break;
C:/Users/Angel/AppData/Local/Arm/Packs/ARM/CMSIS-DSP/1.17.0/Source/TransformFunctions/arm_transform_buffer_sizes.c(187): warning:  #111-D: statement is unreachable
          break;
C:/Users/Angel/AppData/Local/Arm/Packs/ARM/CMSIS-DSP/1.17.0/Source/TransformFunctions/arm_transform_buffer_sizes.c(212): warning:  #111-D: statement is unreachable
          break;
C:/Users/Angel/AppData/Local/Arm/Packs/ARM/CMSIS-DSP/1.17.0/Source/TransformFunctions/arm_transform_buffer_sizes.c(228): warning:  #111-D: statement is unreachable
          break;
C:/Users/Angel/AppData/Local/Arm/Packs/ARM/CMSIS-DSP/1.17.0/Source/TransformFunctions/arm_transform_buffer_sizes.c(254): warning:  #111-D: statement is unreachable
          break;
C:/Users/Angel/AppData/Local/Arm/Packs/ARM/CMSIS-DSP/1.17.0/Source/TransformFunctions/arm_transform_buffer_sizes.c(258): warning:  #111-D: statement is unreachable
          break;
C:/Users/Angel/AppData/Local/Arm/Packs/ARM/CMSIS-DSP/1.17.0/Source/TransformFunctions/arm_transform_buffer_sizes.c(346): warning:  #1-D: last line of file ends without a newline
  */
C:/Users/Angel/AppData/Local/Arm/Packs/ARM/CMSIS-DSP/1.17.0/Source/TransformFunctions/TransformFunctions.c: 10 warnings, 0 errors
compiling FilteringFunctions.c...
C:\Users\Angel\AppData\Local\Arm\Packs\ARM\CMSIS-DSP\1.17.0\PrivateInclude\arm_compiler_specific.h(20): warning:  #1-D: last line of file ends without a newline
  #endif
C:/Users/Angel/AppData/Local/Arm/Packs/ARM/CMSIS-DSP/1.17.0/Source/FilteringFunctions/FilteringFunctions.c: 1 warning, 0 errors
linking...
Program Size: Code=34448 RO-data=1044 RW-data=1052 ZI-data=65724  
FromELF: creating hex file...
"GZ\GZ.axf" - 0 Error(s), 103 Warning(s).

<h2>Software Packages used:</h2>

Package Vendor: ARM
                http://www.keil.com/pack/ARM.CMSIS.5.9.0.pack
                ARM.CMSIS.5.9.0
                CMSIS (Common Microcontroller Software Interface Standard)
   * Component: CORE Version: 5.6.0

Package Vendor: ARM
                https://www.keil.com/pack/ARM.CMSIS-DSP.1.17.0.pack
                ARM.CMSIS-DSP.1.17.0
                CMSIS Embedded Compute Library
   * Component: DSP Variant: Source Version: 1.17.0

Package Vendor: Keil
                https://www.keil.com/pack/Keil.STM32F4xx_DFP.3.1.0.pack
                Keil.STM32F4xx_DFP.3.1.0
                STMicroelectronics STM32F4 Series Device Support

<h2>Collection of Component include folders:</h2>
  ./RTE/_GZ
  C:/Users/Angel/AppData/Local/Arm/Packs/ARM/CMSIS-DSP/1.17.0/Include
  C:/Users/Angel/AppData/Local/Arm/Packs/ARM/CMSIS-DSP/1.17.0/PrivateInclude
  C:/Users/Angel/AppData/Local/Arm/Packs/ARM/CMSIS/5.9.0/CMSIS/Core/Include

<h2>Collection of Component Files used:</h2>

   * Component: ARM::CMSIS:CORE:5.6.0
      Include file:  CMSIS/Core/Include/tz_context.h

   * Component: ARM::CMSIS:DSP:Source:1.17.0
      Source file:   Source/SupportFunctions/SupportFunctions.c
      Include file:  Include/arm_math.h
      Source file:   Source/FilteringFunctions/FilteringFunctions.c
      Source file:   Source/TransformFunctions/TransformFunctions.c
      Source file:   Source/InterpolationFunctions/InterpolationFunctions.c
      Source file:   Source/WindowFunctions/WindowFunctions.c
      Include file:  Include/arm_const_structs_f16.h
      Source file:   Source/SVMFunctions/SVMFunctions.c
      Source file:   Source/CommonTables/CommonTables.c
      Include file:  Include/arm_math_f16.h
      Source file:   Source/DistanceFunctions/DistanceFunctions.c
      Source file:   Source/ComplexMathFunctions/ComplexMathFunctions.c
      Source file:   Source/BasicMathFunctions/BasicMathFunctionsF16.c
      Include file:  Include/arm_common_tables.h
      Include file:  Include/arm_common_tables_f16.h
      Source file:   Source/QuaternionMathFunctions/QuaternionMathFunctions.c
      Include file:  Include/arm_const_structs.h
      Source file:   Source/BayesFunctions/BayesFunctions.c
      Source file:   Source/ControllerFunctions/ControllerFunctions.c
      Source file:   Source/FastMathFunctions/FastMathFunctions.c
      Source file:   Source/StatisticsFunctions/StatisticsFunctions.c
      Source file:   Source/BasicMathFunctions/BasicMathFunctions.c
      Source file:   Source/MatrixFunctions/MatrixFunctions.c
      Source file:   Source/TransformFunctions/TransformFunctionsF16.c
      Source file:   Source/MatrixFunctions/MatrixFunctionsF16.c
      Source file:   Source/SupportFunctions/SupportFunctionsF16.c
      Source file:   Source/StatisticsFunctions/StatisticsFunctionsF16.c
      Source file:   Source/SVMFunctions/SVMFunctionsF16.c
      Source file:   Source/ComplexMathFunctions/ComplexMathFunctionsF16.c
      Source file:   Source/FilteringFunctions/FilteringFunctionsF16.c
      Source file:   Source/DistanceFunctions/DistanceFunctionsF16.c
      Source file:   Source/BayesFunctions/BayesFunctionsF16.c
      Source file:   Source/InterpolationFunctions/InterpolationFunctionsF16.c
      Source file:   Source/FastMathFunctions/FastMathFunctionsF16.c
      Source file:   Source/CommonTables/CommonTablesF16.c
Build Time Elapsed:  00:00:59
</pre>
</body>
</html>
