Component: ARM Compiler 5.06 update 6 (build 750) Tool: armlink [4d35ed]

==============================================================================

Section Cross References

    startup_stm32f405xx.o(STACK) refers (Special) to heapauxi.o(.text) for __use_two_region_memory
    startup_stm32f405xx.o(HEAP) refers (Special) to heapauxi.o(.text) for __use_two_region_memory
    startup_stm32f405xx.o(RESET) refers (Special) to heapauxi.o(.text) for __use_two_region_memory
    startup_stm32f405xx.o(RESET) refers to startup_stm32f405xx.o(STACK) for __initial_sp
    startup_stm32f405xx.o(RESET) refers to startup_stm32f405xx.o(.text) for Reset_Handler
    startup_stm32f405xx.o(RESET) refers to stm32f4xx_it.o(i.NMI_Handler) for NMI_Handler
    startup_stm32f405xx.o(RESET) refers to stm32f4xx_it.o(i.HardFault_Handler) for HardFault_Handler
    startup_stm32f405xx.o(RESET) refers to stm32f4xx_it.o(i.MemManage_Handler) for MemManage_Handler
    startup_stm32f405xx.o(RESET) refers to stm32f4xx_it.o(i.BusFault_Handler) for BusFault_Handler
    startup_stm32f405xx.o(RESET) refers to stm32f4xx_it.o(i.UsageFault_Handler) for UsageFault_Handler
    startup_stm32f405xx.o(RESET) refers to port.o(.emb_text) for SVC_Handler
    startup_stm32f405xx.o(RESET) refers to stm32f4xx_it.o(i.DebugMon_Handler) for DebugMon_Handler
    startup_stm32f405xx.o(RESET) refers to port.o(i.SysTick_Handler) for SysTick_Handler
    startup_stm32f405xx.o(RESET) refers to stm32f4xx_it.o(i.DMA1_Stream2_IRQHandler) for DMA1_Stream2_IRQHandler
    startup_stm32f405xx.o(RESET) refers to stm32f4xx_it.o(i.TIM8_TRG_COM_TIM14_IRQHandler) for TIM8_TRG_COM_TIM14_IRQHandler
    startup_stm32f405xx.o(RESET) refers to stm32f4xx_it.o(i.UART4_IRQHandler) for UART4_IRQHandler
    startup_stm32f405xx.o(.text) refers (Special) to heapauxi.o(.text) for __use_two_region_memory
    startup_stm32f405xx.o(.text) refers to system_stm32f4xx.o(i.SystemInit) for SystemInit
    startup_stm32f405xx.o(.text) refers to __main.o(!!!main) for __main
    startup_stm32f405xx.o(.text) refers to startup_stm32f405xx.o(HEAP) for Heap_Mem
    startup_stm32f405xx.o(.text) refers to startup_stm32f405xx.o(STACK) for Stack_Mem
    main.o(i.HAL_TIM_PeriodElapsedCallback) refers to stm32f4xx_hal.o(i.HAL_IncTick) for HAL_IncTick
    main.o(i.SystemClock_Config) refers to rt_memclr_w.o(.text) for __aeabi_memclr4
    main.o(i.SystemClock_Config) refers to stm32f4xx_hal_rcc.o(i.HAL_RCC_OscConfig) for HAL_RCC_OscConfig
    main.o(i.SystemClock_Config) refers to stm32f4xx_hal_rcc.o(i.HAL_RCC_ClockConfig) for HAL_RCC_ClockConfig
    main.o(i.main) refers to stm32f4xx_hal.o(i.HAL_Init) for HAL_Init
    main.o(i.main) refers to main.o(i.SystemClock_Config) for SystemClock_Config
    main.o(i.main) refers to gpio.o(i.MX_GPIO_Init) for MX_GPIO_Init
    main.o(i.main) refers to dma.o(i.MX_DMA_Init) for MX_DMA_Init
    main.o(i.main) refers to adc.o(i.MX_ADC1_Init) for MX_ADC1_Init
    main.o(i.main) refers to can.o(i.MX_CAN1_Init) for MX_CAN1_Init
    main.o(i.main) refers to spi.o(i.MX_SPI1_Init) for MX_SPI1_Init
    main.o(i.main) refers to tim.o(i.MX_TIM1_Init) for MX_TIM1_Init
    main.o(i.main) refers to tim.o(i.MX_TIM3_Init) for MX_TIM3_Init
    main.o(i.main) refers to tim.o(i.MX_TIM8_Init) for MX_TIM8_Init
    main.o(i.main) refers to usart.o(i.MX_UART4_Init) for MX_UART4_Init
    main.o(i.main) refers to system.o(i.system_init) for system_init
    main.o(i.main) refers to stm32f4xx_hal_uart.o(i.HAL_UART_Receive_DMA) for HAL_UART_Receive_DMA
    main.o(i.main) refers to freertos.o(i.MX_FREERTOS_Init) for MX_FREERTOS_Init
    main.o(i.main) refers to cmsis_os.o(i.osKernelStart) for osKernelStart
    main.o(i.main) refers to main.o(.bss) for .bss
    main.o(i.main) refers to usart.o(.bss) for huart4
    gpio.o(i.MX_GPIO_Init) refers to rt_memclr_w.o(.text) for __aeabi_memclr4
    gpio.o(i.MX_GPIO_Init) refers to stm32f4xx_hal_gpio.o(i.HAL_GPIO_WritePin) for HAL_GPIO_WritePin
    gpio.o(i.MX_GPIO_Init) refers to stm32f4xx_hal_gpio.o(i.HAL_GPIO_Init) for HAL_GPIO_Init
    freertos.o(i.MX_FREERTOS_Init) refers to rt_memcpy_w.o(.text) for __aeabi_memcpy4
    freertos.o(i.MX_FREERTOS_Init) refers to cmsis_os.o(i.osThreadCreate) for osThreadCreate
    freertos.o(i.MX_FREERTOS_Init) refers to freertos.o(.constdata) for .constdata
    freertos.o(i.MX_FREERTOS_Init) refers to freertos.o(.data) for .data
    freertos.o(i.StartDefaultTask) refers to cmsis_os.o(i.osDelay) for osDelay
    freertos.o(i.baro_) refers to spl06.o(i.SPL06_Get_Altitude) for SPL06_Get_Altitude
    freertos.o(i.baro_) refers to qmc5883l.o(i.TASK_QMC5883L) for TASK_QMC5883L
    freertos.o(i.baro_) refers to cmsis_os.o(i.osDelay) for osDelay
    freertos.o(i.baro_) refers to spl06.o(.bss) for Baro
    freertos.o(i.control_) refers to control.o(i.tense_update) for tense_update
    freertos.o(i.control_) refers to cmsis_os.o(i.osDelay) for osDelay
    freertos.o(i.imu_) refers to imu_bmi088.o(i.process_bmi088_data) for process_bmi088_data
[...]
    _sys_exit                                0x0800078d   Thumb Code     8  sys_exit.o(.text)
    __default_signal_display                 0x08000799   Thumb Code    50  defsig_general.o(.text)
    _ttywrch                                 0x080007cb   Thumb Code    14  sys_wrch.o(.text)
    BUT_IIR_calc_freq_f                      0x08000901   Thumb Code   160  filter.o(i.BUT_IIR_calc_freq_f)
    BusFault_Handler                         0x080009ad   Thumb Code     2  stm32f4xx_it.o(i.BusFault_Handler)
    Butter_init                              0x080009b1   Thumb Code    36  filter.o(i.Butter_init)
    Butter_run                               0x080009d9   Thumb Code   118  filter.o(i.Butter_run)
    Butter_setCutoffFrequency                0x08000a4f   Thumb Code    56  filter.o(i.Butter_setCutoffFrequency)
    DMA1_Stream2_IRQHandler                  0x08000a89   Thumb Code     6  stm32f4xx_it.o(i.DMA1_Stream2_IRQHandler)
    DebugMon_Handler                         0x08000b39   Thumb Code     2  stm32f4xx_it.o(i.DebugMon_Handler)
    Error_Handler                            0x08000b3b   Thumb Code     4  main.o(i.Error_Handler)
    HAL_ADC_ConfigChannel                    0x08000b41   Thumb Code   316  stm32f4xx_hal_adc.o(i.HAL_ADC_ConfigChannel)
    HAL_ADC_Init                             0x08000c8d   Thumb Code    84  stm32f4xx_hal_adc.o(i.HAL_ADC_Init)
    HAL_ADC_MspInit                          0x08000ce1   Thumb Code    84  adc.o(i.HAL_ADC_MspInit)
    HAL_CAN_Init                             0x08000d41   Thumb Code   282  stm32f4xx_hal_can.o(i.HAL_CAN_Init)
    HAL_CAN_MspInit                          0x08000e5d   Thumb Code    94  can.o(i.HAL_CAN_MspInit)
    HAL_DMA_Abort                            0x08000ec9   Thumb Code   146  stm32f4xx_hal_dma.o(i.HAL_DMA_Abort)
    HAL_DMA_Abort_IT                         0x08000f5b   Thumb Code    36  stm32f4xx_hal_dma.o(i.HAL_DMA_Abort_IT)
    HAL_DMA_IRQHandler                       0x08000f81   Thumb Code   412  stm32f4xx_hal_dma.o(i.HAL_DMA_IRQHandler)
    HAL_DMA_Init                             0x08001121   Thumb Code   206  stm32f4xx_hal_dma.o(i.HAL_DMA_Init)
    HAL_DMA_Start_IT                         0x080011f5   Thumb Code   110  stm32f4xx_hal_dma.o(i.HAL_DMA_Start_IT)
    HAL_Delay                                0x08001265   Thumb Code    32  stm32f4xx_hal.o(i.HAL_Delay)
    HAL_Delay_us                             0x08001289   Thumb Code    36  soft_iic.o(i.HAL_Delay_us)
    HAL_Delay_us3                            0x080012ad   Thumb Code    36  qmc5883l.o(i.HAL_Delay_us3)
    HAL_GPIO_Init                            0x080012d1   Thumb Code   450  stm32f4xx_hal_gpio.o(i.HAL_GPIO_Init)
    HAL_GPIO_ReadPin                         0x080014c1   Thumb Code    10  stm32f4xx_hal_gpio.o(i.HAL_GPIO_ReadPin)
    HAL_GPIO_WritePin                        0x080014cb   Thumb Code    10  stm32f4xx_hal_gpio.o(i.HAL_GPIO_WritePin)
    HAL_GetTick                              0x080014d5   Thumb Code     6  stm32f4xx_hal.o(i.HAL_GetTick)
    HAL_IncTick                              0x080014e1   Thumb Code    12  stm32f4xx_hal.o(i.HAL_IncTick)
    HAL_Init                                 0x080014f1   Thumb Code    48  stm32f4xx_hal.o(i.HAL_Init)
    HAL_InitTick                             0x08001525   Thumb Code   132  stm32f4xx_hal_timebase_tim.o(i.HAL_InitTick)
    HAL_MspInit                              0x080015bd   Thumb Code    52  stm32f4xx_hal_msp.o(i.HAL_MspInit)
    HAL_NVIC_EnableIRQ                       0x080015f5   Thumb Code    26  stm32f4xx_hal_cortex.o(i.HAL_NVIC_EnableIRQ)
    HAL_NVIC_SetPriority                     0x08001611   Thumb Code    60  stm32f4xx_hal_cortex.o(i.HAL_NVIC_SetPriority)
    HAL_NVIC_SetPriorityGrouping             0x08001651   Thumb Code    26  stm32f4xx_hal_cortex.o(i.HAL_NVIC_SetPriorityGrouping)
    HAL_RCC_ClockConfig                      0x08001675   Thumb Code   288  stm32f4xx_hal_rcc.o(i.HAL_RCC_ClockConfig)
    HAL_RCC_GetClockConfig                   0x080017a9   Thumb Code    54  stm32f4xx_hal_rcc.o(i.HAL_RCC_GetClockConfig)
    HAL_RCC_GetPCLK1Freq                     0x080017e9   Thumb Code    20  stm32f4xx_hal_rcc.o(i.HAL_RCC_GetPCLK1Freq)
    HAL_RCC_GetPCLK2Freq                     0x08001809   Thumb Code    20  stm32f4xx_hal_rcc.o(i.HAL_RCC_GetPCLK2Freq)
    HAL_RCC_GetSysClockFreq                  0x08001829   Thumb Code    88  stm32f4xx_hal_rcc.o(i.HAL_RCC_GetSysClockFreq)
    HAL_RCC_OscConfig                        0x08001889   Thumb Code   856  stm32f4xx_hal_rcc.o(i.HAL_RCC_OscConfig)
    HAL_SPI_GetState                         0x08001bf5   Thumb Code     6  stm32f4xx_hal_spi.o(i.HAL_SPI_GetState)
    HAL_SPI_Init                             0x08001bfb   Thumb Code   188  stm32f4xx_hal_spi.o(i.HAL_SPI_Init)
    HAL_SPI_MspInit                          0x08001cb9   Thumb Code    92  spi.o(i.HAL_SPI_MspInit)
    HAL_SPI_Receive                          0x08001d21   Thumb Code   340  stm32f4xx_hal_spi.o(i.HAL_SPI_Receive)
    HAL_SPI_Transmit                         0x08001e75   Thumb Code   358  stm32f4xx_hal_spi.o(i.HAL_SPI_Transmit)
    HAL_SPI_TransmitReceive                  0x08001fdb   Thumb Code   496  stm32f4xx_hal_spi.o(i.HAL_SPI_TransmitReceive)
    HAL_TIMEx_BreakCallback                  0x080021cb   Thumb Code     2  stm32f4xx_hal_tim_ex.o(i.HAL_TIMEx_BreakCallback)
    HAL_TIMEx_CommutCallback                 0x080021cd   Thumb Code     2  stm32f4xx_hal_tim_ex.o(i.HAL_TIMEx_CommutCallback)
    HAL_TIMEx_ConfigBreakDeadTime            0x080021cf   Thumb Code    84  stm32f4xx_hal_tim_ex.o(i.HAL_TIMEx_ConfigBreakDeadTime)
    HAL_TIMEx_MasterConfigSynchronization    0x08002225   Thumb Code   116  stm32f4xx_hal_tim_ex.o(i.HAL_TIMEx_MasterConfigSynchronization)
    HAL_TIM_Base_Init                        0x080022b5   Thumb Code    90  stm32f4xx_hal_tim.o(i.HAL_TIM_Base_Init)
    HAL_TIM_Base_MspInit                     0x08002311   Thumb Code    76  tim.o(i.HAL_TIM_Base_MspInit)
    HAL_TIM_Base_Start_IT                    0x08002369   Thumb Code   100  stm32f4xx_hal_tim.o(i.HAL_TIM_Base_Start_IT)
    HAL_TIM_ConfigClockSource                0x080023e9   Thumb Code   220  stm32f4xx_hal_tim.o(i.HAL_TIM_ConfigClockSource)
    HAL_TIM_IC_CaptureCallback               0x080024c5   Thumb Code     2  stm32f4xx_hal_tim.o(i.HAL_TIM_IC_CaptureCallback)
    HAL_TIM_IRQHandler                       0x080024c7   Thumb Code   304  stm32f4xx_hal_tim.o(i.HAL_TIM_IRQHandler)
    HAL_TIM_MspPostInit                      0x080025f9   Thumb Code    72  tim.o(i.HAL_TIM_MspPostInit)
    HAL_TIM_OC_DelayElapsedCallback          0x0800264d   Thumb Code     2  stm32f4xx_hal_tim.o(i.HAL_TIM_OC_DelayElapsedCallback)
    HAL_TIM_PWM_ConfigChannel                0x0800264f   Thumb Code   204  stm32f4xx_hal_tim.o(i.HAL_TIM_PWM_ConfigChannel)
    HAL_TIM_PWM_Init                         0x0800271b   Thumb Code    90  stm32f4xx_hal_tim.o(i.HAL_TIM_PWM_Init)
    HAL_TIM_PWM_MspInit                      0x08002775   Thumb Code    30  tim.o(i.HAL_TIM_PWM_MspInit)
    HAL_TIM_PWM_PulseFinishedCallback        0x0800279d   Thumb Code     2  stm32f4xx_hal_tim.o(i.HAL_TIM_PWM_PulseFinishedCallback)
    HAL_TIM_PWM_Start                        0x080027a1   Thumb Code   172  stm32f4xx_hal_tim.o(i.HAL_TIM_PWM_Start)
    HAL_TIM_PeriodElapsedCallback            0x08002869   Thumb Code    14  main.o(i.HAL_TIM_PeriodElapsedCallback)
    HAL_TIM_TriggerCallback                  0x0800287d   Thumb Code     2  stm32f4xx_hal_tim.o(i.HAL_TIM_TriggerCallback)
    HAL_UARTEx_RxEventCallback               0x0800287f   Thumb Code     2  stm32f4xx_hal_uart.o(i.HAL_UARTEx_RxEventCallback)
    HAL_UART_DMAStop                         0x08002881   Thumb Code   112  stm32f4xx_hal_uart.o(i.HAL_UART_DMAStop)
    HAL_UART_ErrorCallback                   0x080028f1   Thumb Code     2  stm32f4xx_hal_uart.o(i.HAL_UART_ErrorCallback)
    HAL_UART_IRQHandler                      0x080028f5   Thumb Code   618  stm32f4xx_hal_uart.o(i.HAL_UART_IRQHandler)
    HAL_UART_Init                            0x08002b65   Thumb Code   100  stm32f4xx_hal_uart.o(i.HAL_UART_Init)
    HAL_UART_MspInit                         0x08002bc9   Thumb Code   192  usart.o(i.HAL_UART_MspInit)
    HAL_UART_Receive_DMA                     0x08002ca1   Thumb Code    28  stm32f4xx_hal_uart.o(i.HAL_UART_Receive_DMA)
    HAL_UART_RxCpltCallback                  0x08002cbd   Thumb Code     2  stm32f4xx_hal_uart.o(i.HAL_UART_RxCpltCallback)
    HAL_UART_RxHalfCpltCallback              0x08002cbf   Thumb Code     2  stm32f4xx_hal_uart.o(i.HAL_UART_RxHalfCpltCallback)
    HAL_UART_TxCpltCallback                  0x08002cc1   Thumb Code     2  stm32f4xx_hal_uart.o(i.HAL_UART_TxCpltCallback)
    HardFault_Handler                        0x08002cc3   Thumb Code     2  stm32f4xx_it.o(i.HardFault_Handler)
    IIC_Ack                                  0x08002cc5   Thumb Code    64  qmc5883l.o(i.IIC_Ack)
    IIC_Init                                 0x08002d09   Thumb Code    14  qmc5883l.o(i.IIC_Init)
    IIC_NAck                                 0x08002d19   Thumb Code    64  qmc5883l.o(i.IIC_NAck)
    IIC_ReadMulByte                          0x08002d5d   Thumb Code   102  qmc5883l.o(i.IIC_ReadMulByte)
    IIC_Read_Byte                            0x08002dc5   Thumb Code    96  qmc5883l.o(i.IIC_Read_Byte)
    IIC_Send_Byte                            0x08002e29   Thumb Code    92  qmc5883l.o(i.IIC_Send_Byte)
    IIC_Start                                0x08002e89   Thumb Code    64  qmc5883l.o(i.IIC_Start)
    IIC_Stop                                 0x08002ecd   Thumb Code    64  qmc5883l.o(i.IIC_Stop)
    IIC_Wait_Ack                             0x08002f11   Thumb Code    68  qmc5883l.o(i.IIC_Wait_Ack)
    IIC_Write_Byte                           0x08002f59   Thumb Code    66  qmc5883l.o(i.IIC_Write_Byte)
    IMU_Update_Mahony                        0x08002f9d   Thumb Code   716  imu_bmi088.o(i.IMU_Update_Mahony)
    LED_Run                                  0x0800327d   Thumb Code   108  led.o(i.LED_Run)
    MX_ADC1_Init                             0x080032f9   Thumb Code   130  adc.o(i.MX_ADC1_Init)
    MX_CAN1_Init                             0x08003389   Thumb Code    52  can.o(i.MX_CAN1_Init)
    MX_DMA_Init                              0x080033c5   Thumb Code    40  dma.o(i.MX_DMA_Init)
    MX_FREERTOS_Init                         0x080033f1   Thumb Code   162  freertos.o(i.MX_FREERTOS_Init)
    MX_GPIO_Init                             0x0800349d   Thumb Code   260  gpio.o(i.MX_GPIO_Init)
    MX_SPI1_Init                             0x080035b1   Thumb Code    62  spi.o(i.MX_SPI1_Init)
    MX_TIM1_Init                             0x080035f9   Thumb Code   168  tim.o(i.MX_TIM1_Init)
    MX_TIM3_Init                             0x080036a9   Thumb Code    94  tim.o(i.MX_TIM3_Init)
    MX_TIM8_Init                             0x08003711   Thumb Code    96  tim.o(i.MX_TIM8_Init)
    MX_UART4_Init                            0x08003779   Thumb Code    52  usart.o(i.MX_UART4_Init)
    MemManage_Handler                        0x080037b9   Thumb Code     2  stm32f4xx_it.o(i.MemManage_Handler)
    Modules_Init                             0x080037bb   Thumb Code    14  qmc5883l.o(i.Modules_Init)
    NMI_Handler                              0x080037c9   Thumb Code     2  stm32f4xx_it.o(i.NMI_Handler)
    QMC5883L_GetAngle                        0x080037cd   Thumb Code   318  qmc5883l.o(i.QMC5883L_GetAngle)
    QMC5883L_Init                            0x08003921   Thumb Code    52  qmc5883l.o(i.QMC5883L_Init)
    RC_Data_Handle                           0x08003955   Thumb Code    30  frsky.o(i.RC_Data_Handle)
    Rssi_decode                              0x0800397d   Thumb Code    20  frsky.o(i.Rssi_decode)
    SPL06_Config_Pressure                    0x08003b15   Thumb Code   126  spl06.o(i.SPL06_Config_Pressure)
    SPL06_Config_Temperature                 0x08003bb9   Thumb Code   128  spl06.o(i.SPL06_Config_Temperature)
    SPL06_Get_Altitude                       0x08003c5d   Thumb Code    82  spl06.o(i.SPL06_Get_Altitude)
    SPL06_Get_Pressure_Adc                   0x08003cc1   Thumb Code    42  spl06.o(i.SPL06_Get_Pressure_Adc)
    SPL06_Get_Temperature_Adc                0x08003ceb   Thumb Code    42  spl06.o(i.SPL06_Get_Temperature_Adc)
    SPL06_Init                               0x08003d15   Thumb Code   426  spl06.o(i.SPL06_Init)
    SPL06_Read_Buffer                        0x08003ed5   Thumb Code    86  spl06.o(i.SPL06_Read_Buffer)
    SPL06_Read_Reg                           0x08003f35   Thumb Code    90  spl06.o(i.SPL06_Read_Reg)
    SPL06_Start                              0x08003f99   Thumb Code     8  spl06.o(i.SPL06_Start)
    SPL06_Update                             0x08003fa1   Thumb Code    24  spl06.o(i.SPL06_Update)
    SPL06_Update_Pressure                    0x08003fbd   Thumb Code   190  spl06.o(i.SPL06_Update_Pressure)
    SPL06_Write_Reg                          0x08004085   Thumb Code   108  spl06.o(i.SPL06_Write_Reg)
    Sbus_Data_Count                          0x080040f9   Thumb Code   262  frsky.o(i.Sbus_Data_Count)
    Soft_IIC_ACK                             0x08004205   Thumb Code    76  soft_iic.o(i.Soft_IIC_ACK)
    Soft_IIC_Init                            0x08004255   Thumb Code    28  soft_iic.o(i.Soft_IIC_Init)
    Soft_IIC_NACK                            0x08004299   Thumb Code    76  soft_iic.o(i.Soft_IIC_NACK)
    Soft_IIC_Recv_Byte                       0x08004309   Thumb Code   114  soft_iic.o(i.Soft_IIC_Recv_Byte)
    Soft_IIC_Start                           0x08004381   Thumb Code    70  soft_iic.o(i.Soft_IIC_Start)
    Soft_IIC_Stop                            0x080043cd   Thumb Code    76  soft_iic.o(i.Soft_IIC_Stop)
    Soft_IIC_Wait_ACK                        0x0800441d   Thumb Code    84  soft_iic.o(i.Soft_IIC_Wait_ACK)
    Soft_IIC_Write_Byte                      0x08004475   Thumb Code    94  soft_iic.o(i.Soft_IIC_Write_Byte)
    Soft_SCL_Output                          0x080044d9   Thumb Code    28  qmc5883l.o(i.Soft_SCL_Output)
    Soft_SDA_Input                           0x080044f9   Thumb Code    30  qmc5883l.o(i.Soft_SDA_Input)
    Soft_SDA_Output                          0x0800451d   Thumb Code    28  qmc5883l.o(i.Soft_SDA_Output)
    StartDefaultTask                         0x0800453d   Thumb Code     8  freertos.o(i.StartDefaultTask)
    SysTick_Handler                          0x08004545   Thumb Code    38  port.o(i.SysTick_Handler)
    SystemClock_Config                       0x08004571   Thumb Code   138  main.o(i.SystemClock_Config)
    SystemInit                               0x08004605   Thumb Code    12  system_stm32f4xx.o(i.SystemInit)
    TASK_QMC5883L                            0x08004615   Thumb Code     6  qmc5883l.o(i.TASK_QMC5883L)
    TIM8_TRG_COM_TIM14_IRQHandler            0x08004621   Thumb Code    18  stm32f4xx_it.o(i.TIM8_TRG_COM_TIM14_IRQHandler)
    TIM_Base_SetConfig                       0x0800463d   Thumb Code   170  stm32f4xx_hal_tim.o(i.TIM_Base_SetConfig)
    TIM_CCxChannelCmd                        0x08004715   Thumb Code    26  stm32f4xx_hal_tim.o(i.TIM_CCxChannelCmd)
    TIM_ETR_SetConfig                        0x0800472f   Thumb Code    20  stm32f4xx_hal_tim.o(i.TIM_ETR_SetConfig)
    TIM_OC2_SetConfig                        0x080047b5   Thumb Code    98  stm32f4xx_hal_tim.o(i.TIM_OC2_SetConfig)
    UART4_IRQHandler                         0x08004921   Thumb Code    64  stm32f4xx_it.o(i.UART4_IRQHandler)
    UART_Start_Receive_DMA                   0x08004ca5   Thumb Code   130  stm32f4xx_hal_uart.o(i.UART_Start_Receive_DMA)
    UsageFault_Handler                       0x08004d35   Thumb Code     2  stm32f4xx_it.o(i.UsageFault_Handler)
    Vector_b2w                               0x08004d39   Thumb Code   124  imu_bmi088.o(i.Vector_b2w)
    Vector_w2b                               0x08004db9   Thumb Code   124  imu_bmi088.o(i.Vector_w2b)
    __ARM_fpclassify                         0x08004e39   Thumb Code    48  fpclassify.o(i.__ARM_fpclassify)
    __ARM_fpclassifyf                        0x08004e69   Thumb Code    38  fpclassifyf.o(i.__ARM_fpclassifyf)
    __hardfp_asinf                           0x08004eb1   Thumb Code   258  asinf.o(i.__hardfp_asinf)
    __hardfp_atan                            0x08004fe1   Thumb Code   622  atan.o(i.__hardfp_atan)
    __hardfp_atan2                           0x080052b9   Thumb Code   432  atan2.o(i.__hardfp_atan2)
    __hardfp_atan2f                          0x080054a9   Thumb Code   502  atan2f.o(i.__hardfp_atan2f)
    __hardfp_cosf                            0x080056f9   Thumb Code   280  cosf.o(i.__hardfp_cosf)
    __hardfp_expf                            0x08005849   Thumb Code   426  expf.o(i.__hardfp_expf)
    __mathlib_expf                           0x08005849   Thumb Code     0  expf.o(i.__hardfp_expf)
    __hardfp_logf                            0x08005a31   Thumb Code   320  logf.o(i.__hardfp_logf)
    __mathlib_logf                           0x08005a31   Thumb Code     0  logf.o(i.__hardfp_logf)
    __hardfp_tanf                            0x08005b9d   Thumb Code   322  tanf.o(i.__hardfp_tanf)
    __kernel_poly                            0x08005d19   Thumb Code   248  poly.o(i.__kernel_poly)
    __mathlib_dbl_infnan                     0x08005e11   Thumb Code    20  dunder.o(i.__mathlib_dbl_infnan)
    __mathlib_dbl_infnan2                    0x08005e25   Thumb Code    20  dunder.o(i.__mathlib_dbl_infnan2)
    __mathlib_dbl_underflow                  0x08005e39   Thumb Code    24  dunder.o(i.__mathlib_dbl_underflow)
    __mathlib_flt_divzero                    0x08005e59   Thumb Code    14  funder.o(i.__mathlib_flt_divzero)
    __mathlib_flt_infnan                     0x08005e6d   Thumb Code     6  funder.o(i.__mathlib_flt_infnan)
    __mathlib_flt_infnan2                    0x08005e73   Thumb Code     6  funder.o(i.__mathlib_flt_infnan2)
    __mathlib_flt_invalid                    0x08005e79   Thumb Code    10  funder.o(i.__mathlib_flt_invalid)
    __mathlib_flt_overflow                   0x08005e89   Thumb Code    10  funder.o(i.__mathlib_flt_overflow)
    __mathlib_flt_underflow                  0x08005e99   Thumb Code    10  funder.o(i.__mathlib_flt_underflow)
    __mathlib_rredf2                         0x08005ea9   Thumb Code   316  rredf.o(i.__mathlib_rredf2)
    arm_mean_f32                             0x08005ffd   Thumb Code    40  statisticsfunctions.o(i.arm_mean_f32)
    arm_var_f32                              0x08006029   Thumb Code   104  statisticsfunctions.o(i.arm_var_f32)
    atan                                     0x08006095   Thumb Code    16  atan.o(i.atan)
    baro_                                    0x080060a5   Thumb Code    24  freertos.o(i.baro_)
    bmi088_init                              0x080060c1   Thumb Code    24  bmi088.o(i.bmi088_init)
    bmi08a_get_data                          0x080060d9   Thumb Code    82  bmi08a.o(i.bmi08a_get_data)
    bmi08a_get_meas_conf                     0x0800612b   Thumb Code    56  bmi08a.o(i.bmi08a_get_meas_conf)
    bmi08a_get_power_mode                    0x08006163   Thumb Code    36  bmi08a.o(i.bmi08a_get_power_mode)
    bmi08a_init                              0x08006187   Thumb Code    80  bmi08a.o(i.bmi08a_init)
    bmi08a_set_meas_conf                     0x080061d7   Thumb Code   136  bmi08a.o(i.bmi08a_set_meas_conf)
    bmi08a_set_power_mode                    0x0800625f   Thumb Code    92  bmi08a.o(i.bmi08a_set_power_mode)
    bmi08a_soft_reset                        0x080062bb   Thumb Code    64  bmi08a.o(i.bmi08a_soft_reset)
    bmi08g_get_data                          0x080062fb   Thumb Code    82  bmi08g.o(i.bmi08g_get_data)
    bmi08g_init                              0x0800634d   Thumb Code    50  bmi08g.o(i.bmi08g_init)
    bmi08g_set_meas_conf                     0x0800637f   Thumb Code   138  bmi08g.o(i.bmi08g_set_meas_conf)
    bmi08g_set_power_mode                    0x08006409   Thumb Code    98  bmi08g.o(i.bmi08g_set_power_mode)
    control_                                 0x0800646b   Thumb Code    12  freertos.o(i.control_)
    fabs                                     0x08006477   Thumb Code    24  fabs.o(i.fabs)
    imuComputeRotationMatrix                 0x08006521   Thumb Code   214  imu_bmi088.o(i.imuComputeRotationMatrix)
    imu_                                     0x080065fd   Thumb Code    30  freertos.o(i.imu_)
    imu_bmi088_init                          0x08006625   Thumb Code   226  imu_bmi088.o(i.imu_bmi088_init)
    led_                                     0x0800672d   Thumb Code    12  freertos.o(i.led_)
    main                                     0x08006739   Thumb Code    68  main.o(i.main)
    osDelay                                  0x080067c1   Thumb Code    14  cmsis_os.o(i.osDelay)
    osKernelStart                            0x080067cf   Thumb Code    10  cmsis_os.o(i.osKernelStart)
    osThreadCreate                           0x080067d9   Thumb Code    84  cmsis_os.o(i.osThreadCreate)
    processAccBias                           0x0800682d   Thumb Code   206  imu_bmi088.o(i.processAccBias)
    processGyroBias                          0x08006915   Thumb Code   244  imu_bmi088.o(i.processGyroBias)
    process_bmi088_data                      0x08006a15   Thumb Code   510  imu_bmi088.o(i.process_bmi088_data)
    pvPortMalloc                             0x08006f91   Thumb Code   216  heap_4.o(i.pvPortMalloc)
    pxPortInitialiseStack                    0x0800706d   Thumb Code    40  port.o(i.pxPortInitialiseStack)
    rc_                                      0x08007099   Thumb Code     8  freertos.o(i.rc_)
    sbus_                                    0x080070a1   Thumb Code     8  freertos.o(i.sbus_)
    sqrtf                                    0x08007101   Thumb Code    62  sqrtf.o(i.sqrtf)
    stm32_soft_i2c_read                      0x08007141   Thumb Code   108  soft_iic.o(i.stm32_soft_i2c_read)
    stm32_soft_i2c_write                     0x080071ad   Thumb Code    82  soft_iic.o(i.stm32_soft_i2c_write)
    stm32_spi_read                           0x08007201   Thumb Code    74  imu_bmi088.o(i.stm32_spi_read)
    stm32_spi_write                          0x08007251   Thumb Code    94  imu_bmi088.o(i.stm32_spi_write)
    system_init                              0x080072b5   Thumb Code   640  system.o(i.system_init)
    tense_move                               0x0800759d   Thumb Code   204  control.o(i.tense_move)
    tense_update                             0x08007679   Thumb Code   542  control.o(i.tense_update)
    uxListRemove                             0x080078a5   Thumb Code    38  list.o(i.uxListRemove)
    vApplicationGetIdleTaskMemory            0x080078cd   Thumb Code    16  freertos.o(i.vApplicationGetIdleTaskMemory)
    vListInitialise                          0x080078e1   Thumb Code    22  list.o(i.vListInitialise)
    vListInitialiseItem                      0x080078f7   Thumb Code     6  list.o(i.vListInitialiseItem)
    vListInsert                              0x080078fd   Thumb Code    48  list.o(i.vListInsert)
    vListInsertEnd                           0x0800792d   Thumb Code    24  list.o(i.vListInsertEnd)
    vPortEnterCritical                       0x08007945   Thumb Code    54  port.o(i.vPortEnterCritical)
    vPortExitCritical                        0x08007985   Thumb Code    34  port.o(i.vPortExitCritical)
    vPortFree                                0x080079ad   Thumb Code    94  heap_4.o(i.vPortFree)
    vPortSetupTimerInterrupt                 0x08007a11   Thumb Code    32  port.o(i.vPortSetupTimerInterrupt)
    vTaskDelay                               0x08007a35   Thumb Code    66  tasks.o(i.vTaskDelay)
    vTaskStartScheduler                      0x08007a81   Thumb Code    90  tasks.o(i.vTaskStartScheduler)
    vTaskSuspendAll                          0x08007aed   Thumb Code    10  tasks.o(i.vTaskSuspendAll)
    vTaskSwitchContext                       0x08007afd   Thumb Code    82  tasks.o(i.vTaskSwitchContext)
    xPortStartScheduler                      0x08007b59   Thumb Code   222  port.o(i.xPortStartScheduler)
    xTaskCreate                              0x08007c4d   Thumb Code    90  tasks.o(i.xTaskCreate)
    xTaskCreateStatic                        0x08007ca7   Thumb Code    86  tasks.o(i.xTaskCreateStatic)
    xTaskIncrementTick                       0x08007cfd   Thumb Code   194  tasks.o(i.xTaskIncrementTick)
    xTaskResumeAll                           0x08007dc9   Thumb Code   182  tasks.o(i.xTaskResumeAll)
    __aeabi_dneg                             0x08007e8d   Thumb Code     0  basic.o(x$fpl$basic)
    _dneg                                    0x08007e8d   Thumb Code     6  basic.o(x$fpl$basic)
    __aeabi_fneg                             0x08007e93   Thumb Code     0  basic.o(x$fpl$basic)
    _fneg                                    0x08007e93   Thumb Code     6  basic.o(x$fpl$basic)
    _dabs                                    0x08007e99   Thumb Code     6  basic.o(x$fpl$basic)
    _fabs                                    0x08007e9f   Thumb Code     6  basic.o(x$fpl$basic)
    __aeabi_d2f                              0x08007ea5   Thumb Code     0  d2f.o(x$fpl$d2f)
    _d2f                                     0x08007ea5   Thumb Code    98  d2f.o(x$fpl$d2f)
    __aeabi_dadd                             0x08007f09   Thumb Code     0  daddsub_clz.o(x$fpl$dadd)
    _dadd                                    0x08007f09   Thumb Code   332  daddsub_clz.o(x$fpl$dadd)
    __aeabi_ddiv                             0x08008059   Thumb Code     0  ddiv.o(x$fpl$ddiv)
    _ddiv                                    0x08008059   Thumb Code   552  ddiv.o(x$fpl$ddiv)
    __aeabi_i2d                              0x08008309   Thumb Code     0  dflt_clz.o(x$fpl$dflt)
    _dflt                                    0x08008309   Thumb Code    46  dflt_clz.o(x$fpl$dflt)
    __aeabi_dmul                             0x08008339   Thumb Code     0  dmul.o(x$fpl$dmul)
    _dmul                                    0x08008339   Thumb Code   332  dmul.o(x$fpl$dmul)
    __fpl_dnaninf                            0x0800848d   Thumb Code   156  dnaninf.o(x$fpl$dnaninf)
    __fpl_dretinf                            0x08008529   Thumb Code    12  dretinf.o(x$fpl$dretinf)
    __aeabi_drsub                            0x08008535   Thumb Code     0  daddsub_clz.o(x$fpl$drsb)
    _drsb                                    0x08008535   Thumb Code    22  daddsub_clz.o(x$fpl$drsb)
    __aeabi_dsub                             0x0800854d   Thumb Code     0  daddsub_clz.o(x$fpl$dsub)
    _dsub                                    0x0800854d   Thumb Code   464  daddsub_clz.o(x$fpl$dsub)
    __aeabi_f2d                              0x08008721   Thumb Code     0  f2d.o(x$fpl$f2d)
    _f2d                                     0x08008721   Thumb Code    86  f2d.o(x$fpl$f2d)
    __fpl_fnaninf                            0x08008777   Thumb Code   140  fnaninf.o(x$fpl$fnaninf)
    _fp_init                                 0x08008803   Thumb Code    10  fpinit.o(x$fpl$fpinit)
    __fplib_config_fpu_vfp                   0x0800880b   Thumb Code     0  fpinit.o(x$fpl$fpinit)
    __fplib_config_pureend_doubles           0x0800880b   Thumb Code     0  fpinit.o(x$fpl$fpinit)
    __fpl_fretinf                            0x0800880d   Thumb Code    10  fretinf.o(x$fpl$fretinf)
    __I$use$fp                               0x08008816   Number         0  usenofp.o(x$fpl$usenofp)
    AHBPrescTable                            0x080088e4   Data          16  system_stm32f4xx.o(.constdata)
    APBPrescTable                            0x080088f4   Data           8  system_stm32f4xx.o(.constdata)
    __mathlib_zero                           0x08008a08   Data           8  qnan.o(.constdata)
    Region$$Table$$Base                      0x08008a84   Number         0  anon$$obj.o(Region$$Table)
    Region$$Table$$Limit                     0x08008aa4   Number         0  anon$$obj.o(Region$$Table)
    defaultTaskHandle                        0x20000000   Data           4  freertos.o(.data)
    IMU_TASKHandle                           0x20000004   Data           4  freertos.o(.data)
    BARO_TASKHandle                          0x20000008   Data           4  freertos.o(.data)
    SBUS_TASKHandle                          0x2000000c   Data           4  freertos.o(.data)
    LED_TASKHandle                           0x20000010   Data           4  freertos.o(.data)
    CONTROL_TASKHandle                       0x20000014   Data           4  freertos.o(.data)
    RC_TASKHandle                            0x20000018   Data           4  freertos.o(.data)
    uart4_first_byte                         0x2000001c   Data           1  stm32f4xx_it.o(.data)
    uart4_idle_cnt                           0x20000020   Data           4  stm32f4xx_it.o(.data)
    uwTickFreq                               0x20000024   Data           1  stm32f4xx_hal.o(.data)
    uwTickPrio                               0x20000028   Data           4  stm32f4xx_hal.o(.data)
    uwTick                                   0x2000002c   Data           4  stm32f4xx_hal.o(.data)
    SystemCoreClock                          0x20000030   Data           4  system_stm32f4xx.o(.data)
    pxCurrentTCB                             0x20000034   Data           4  tasks.o(.data)
    JZ_BMI088                                0x2000009c   Data           1  imu_bmi088.o(.data)
    rslt                                     0x2000009e   Data           1  imu_bmi088.o(.data)
    rslt_00                                  0x2000009f   Data           1  imu_bmi088.o(.data)
    accRange                                 0x200000f8   Data           4  imu_bmi088.o(.data)
    gyroRange                                0x200000fc   Data           4  imu_bmi088.o(.data)
    user_accel_bmi088                        0x20000100   Data           6  imu_bmi088.o(.data)
    user_gyro_bmi088                         0x20000106   Data           6  imu_bmi088.o(.data)
    user_accel_bmi088_00                     0x2000010c   Data           6  imu_bmi088.o(.data)
    user_gyro_bmi088_00                      0x20000112   Data           6  imu_bmi088.o(.data)
    imu_bmi088_data_00                       0x20000118   Data         216  imu_bmi088.o(.data)
    imu_bmi088_data                          0x200001f0   Data         216  imu_bmi088.o(.data)
    dev                                      0x200002c8   Data          36  imu_bmi088.o(.data)
    dev_00                                   0x200002ec   Data          36  imu_bmi088.o(.data)
    LED_STATUS                               0x20000330   Data           1  led.o(.data)
    RC                                       0x20000338   Data          52  rc.o(.data)
    currentstate                             0x2000036c   Data           1  control.o(.data)
    debug_tense_id                           0x2000036d   Data           1  control.o(.data)
    debug_tense_action                       0x2000036e   Data           1  control.o(.data)
    action1                                  0x2000036f   Data           1  control.o(.data)
    action2                                  0x20000370   Data           1  control.o(.data)
    route_task_count                         0x20000374   Data           4  control.o(.data)
    route_cmp_count                          0x20000378   Data           4  control.o(.data)
    running                                  0x2000037c   Data           4  control.o(.data)
    tense_action                             0x20000380   Data          24  control.o(.data)
    gravity                                  0x20000398   Data          96  control.o(.data)
    HMC_first                                0x200003f8   Data           1  qmc5883l.o(.data)
    HMC_x_max                                0x200003fa   Data           2  qmc5883l.o(.data)
    HMC_y_max                                0x200003fc   Data           2  qmc5883l.o(.data)
    HMC_x_min                                0x200003fe   Data           2  qmc5883l.o(.data)
    HMC_y_min                                0x20000400   Data           2  qmc5883l.o(.data)
    HMC_x_zero                               0x20000402   Data           2  qmc5883l.o(.data)
    HMC_y_zero                               0x20000404   Data           2  qmc5883l.o(.data)
    HMC_realx                                0x20000406   Data           2  qmc5883l.o(.data)
    HMC_realy                                0x20000408   Data           2  qmc5883l.o(.data)
    run_flag                                 0x2000040a   Data           2  qmc5883l.o(.data)
    HMC_k                                    0x2000040c   Data           4  qmc5883l.o(.data)
    angle_HMC                                0x20000410   Data           4  qmc5883l.o(.data)
    HMC_data_real                            0x20000414   Data           6  qmc5883l.o(.data)
    SBUS_buff                                0x2000041c   Data         250  main.o(.bss)
    hadc1                                    0x2000076c   Data          72  adc.o(.bss)
    hcan1                                    0x200007b4   Data          40  can.o(.bss)
    hspi1                                    0x200007dc   Data          88  spi.o(.bss)
    htim1                                    0x20000834   Data          72  tim.o(.bss)
    htim3                                    0x2000087c   Data          72  tim.o(.bss)
    htim8                                    0x200008c4   Data          72  tim.o(.bss)
    huart4                                   0x2000090c   Data          72  usart.o(.bss)
    hdma_uart4_rx                            0x20000954   Data          96  usart.o(.bss)
    htim14                                   0x200009b4   Data          72  stm32f4xx_hal_timebase_tim.o(.bss)
    rMat_b2w                                 0x20004734   Data          36  imu_bmi088.o(.bss)
    rMat_w2b                                 0x20004758   Data          36  imu_bmi088.o(.bss)
    gyroOffsetRunning                        0x2000477c   Data       12296  imu_bmi088.o(.bss)
    gyroOffsetRunning_00                     0x20007784   Data       12296  imu_bmi088.o(.bss)
    accOffsetRunning                         0x2000a78c   Data       12296  imu_bmi088.o(.bss)
    RPY_Acc_Filter                           0x2000d794   Data         168  filter.o(.bss)
    POS_Acc_Filter                           0x2000d83c   Data         168  filter.o(.bss)
    World_Acc_Filter                         0x2000d8e4   Data         168  filter.o(.bss)
    Tof_Filter                               0x2000d98c   Data         168  filter.o(.bss)
    Flow_vel_Filter                          0x2000da34   Data         168  filter.o(.bss)
    Flow_302_Filter1                         0x2000dadc   Data         112  filter.o(.bss)
    Flow_302_Filter2                         0x2000db4c   Data         112  filter.o(.bss)
    Flow_wuming_Filter1                      0x2000dbbc   Data         112  filter.o(.bss)
    BMI_POS_Acc_Filter1                      0x2000dc2c   Data         168  filter.o(.bss)
    BMI_POS_Acc_Filter2                      0x2000dcd4   Data         168  filter.o(.bss)
    BMI_POS_Acc_Filter3                      0x2000dd7c   Data         168  filter.o(.bss)
    BMI_RPY_Acc_Filter                       0x2000de24   Data         168  filter.o(.bss)
    BMI_RPY_Gyro_Filter                      0x2000decc   Data         168  filter.o(.bss)
    BMI_Flow_Gyro_Filter                     0x2000df74   Data         168  filter.o(.bss)
    BMI_POS_Acc_Filter1_00                   0x2000e01c   Data         168  filter.o(.bss)
    BMI_POS_Acc_Filter2_00                   0x2000e0c4   Data         168  filter.o(.bss)
    BMI_POS_Acc_Filter3_00                   0x2000e16c   Data         168  filter.o(.bss)
    BMI_RPY_Acc_Filter_00                    0x2000e214   Data         168  filter.o(.bss)
    BMI_RPY_Gyro_Filter_00                   0x2000e2bc   Data         168  filter.o(.bss)
    BMI_Flow_Gyro_Filter_00                  0x2000e364   Data         168  filter.o(.bss)
    Baro                                     0x2000e40c   Data          64  spl06.o(.bss)
    SBUS_Ch                                  0x2000e44c   Data          32  frsky.o(.bss)
    Mag_angle                                0x2000e46c   Data          12  qmc5883l.o(.bss)
    __libspace_start                         0x2000e478   Data          96  libspace.o(.bss)
    __temporary_stack_top$libspace           0x2000e4d8   Data           0  libspace.o(.bss)



==============================================================================

Memory Map of the image

  Image Entry point : 0x08000189

  Load Region LR_IROM1 (Base: 0x08000000, Size: 0x00008ec0, Max: 0x00100000, ABSOLUTE, COMPRESSED[0x00008b88])

    Execution Region ER_IROM1 (Exec base: 0x08000000, Load base: 0x08000000, Size: 0x00008aa4, Max: 0x00100000, ABSOLUTE)

    Exec Addr    Load Addr    Size         Type   Attr      Idx    E Section Name        Object

    0x08000000   0x08000000   0x00000188   Data   RO            3    RESET               startup_stm32f405xx.o
    0x08000188   0x08000188   0x00000008   Code   RO        13787  * !!!main             c_w.l(__main.o)
    0x08000190   0x08000190   0x00000034   Code   RO        14314    !!!scatter          c_w.l(__scatter.o)
    0x080001c4   0x080001c4   0x0000005a   Code   RO        14312    !!dczerorl2         c_w.l(__dczerorl2.o)
    0x0800021e   0x0800021e   0x00000002   PAD
    0x08000220   0x08000220   0x0000001c   Code   RO        14316    !!handler_zi        c_w.l(__scatter_zi.o)
    0x0800023c   0x0800023c   0x00000002   Code   RO        14251    .ARM.Collect$$libinit$$00000000  c_w.l(libinit.o)
    0x0800023e   0x0800023e   0x00000004   Code   RO        14051    .ARM.Collect$$libinit$$00000001  c_w.l(libinit2.o)
    0x08000242   0x08000242   0x00000000   Code   RO        14054    .ARM.Collect$$libinit$$00000004  c_w.l(libinit2.o)
    0x08000242   0x08000242   0x00000008   Code   RO        14055    .ARM.Collect$$libinit$$00000005  c_w.l(libinit2.o)
    0x0800024a   0x0800024a   0x00000000   Code   RO        14057    .ARM.Collect$$libinit$$0000000A  c_w.l(libinit2.o)
    0x0800024a   0x0800024a   0x00000000   Code   RO        14059    .ARM.Collect$$libinit$$0000000C  c_w.l(libinit2.o)
    0x0800024a   0x0800024a   0x00000000   Code   RO        14061    .ARM.Collect$$libinit$$0000000E  c_w.l(libinit2.o)
    0x0800024a   0x0800024a   0x00000000   Code   RO        14064    .ARM.Collect$$libinit$$00000011  c_w.l(libinit2.o)
    0x0800024a   0x0800024a   0x00000000   Code   RO        14066    .ARM.Collect$$libinit$$00000013  c_w.l(libinit2.o)
    0x0800024a   0x0800024a   0x00000000   Code   RO        14068    .ARM.Collect$$libinit$$00000015  c_w.l(libinit2.o)
    0x0800024a   0x0800024a   0x00000000   Code   RO        14070    .ARM.Collect$$libinit$$00000017  c_w.l(libinit2.o)
    0x0800024a   0x0800024a   0x00000000   Code   RO        14072    .ARM.Collect$$libinit$$00000019  c_w.l(libinit2.o)
    0x0800024a   0x0800024a   0x00000000   Code   RO        14074    .ARM.Collect$$libinit$$0000001B  c_w.l(libinit2.o)
    0x0800024a   0x0800024a   0x00000000   Code   RO        14076    .ARM.Collect$$libinit$$0000001D  c_w.l(libinit2.o)
    0x0800024a   0x0800024a   0x00000000   Code   RO        14078    .ARM.Collect$$libinit$$0000001F  c_w.l(libinit2.o)
    0x0800024a   0x0800024a   0x00000000   Code   RO        14080    .ARM.Collect$$libinit$$00000021  c_w.l(libinit2.o)
    0x0800024a   0x0800024a   0x00000000   Code   RO        14082    .ARM.Collect$$libinit$$00000023  c_w.l(libinit2.o)
    0x0800024a   0x0800024a   0x00000000   Code   RO        14084    .ARM.Collect$$libinit$$00000025  c_w.l(libinit2.o)
    0x0800024a   0x0800024a   0x00000000   Code   RO        14088    .ARM.Collect$$libinit$$0000002C  c_w.l(libinit2.o)
    0x0800024a   0x0800024a   0x00000000   Code   RO        14090    .ARM.Collect$$libinit$$0000002E  c_w.l(libinit2.o)
    0x0800024a   0x0800024a   0x00000000   Code   RO        14092    .ARM.Collect$$libinit$$00000030  c_w.l(libinit2.o)
    0x0800024a   0x0800024a   0x00000000   Code   RO        14094    .ARM.Collect$$libinit$$00000032  c_w.l(libinit2.o)
    0x0800024a   0x0800024a   0x00000002   Code   RO        14095    .ARM.Collect$$libinit$$00000033  c_w.l(libinit2.o)
    0x0800024c   0x0800024c   0x00000002   Code   RO        14309    .ARM.Collect$$libshutdown$$00000000  c_w.l(libshutdown.o)
    0x0800024e   0x0800024e   0x00000000   Code   RO        14267    .ARM.Collect$$libshutdown$$00000002  c_w.l(libshutdown2.o)
    0x0800024e   0x0800024e   0x00000000   Code   RO        14269    .ARM.Collect$$libshutdown$$00000004  c_w.l(libshutdown2.o)
    0x0800024e   0x0800024e   0x00000000   Code   RO        14272    .ARM.Collect$$libshutdown$$00000007  c_w.l(libshutdown2.o)
    0x0800024e   0x0800024e   0x00000000   Code   RO        14275    .ARM.Collect$$libshutdown$$0000000A  c_w.l(libshutdown2.o)
    0x0800024e   0x0800024e   0x00000000   Code   RO        14277    .ARM.Collect$$libshutdown$$0000000C  c_w.l(libshutdown2.o)
    0x0800024e   0x0800024e   0x00000000   Code   RO        14280    .ARM.Collect$$libshutdown$$0000000F  c_w.l(libshutdown2.o)
    0x0800024e   0x0800024e   0x00000002   Code   RO        14281    .ARM.Collect$$libshutdown$$00000010  c_w.l(libshutdown2.o)
    0x08000250   0x08000250   0x00000000   Code   RO        14017    .ARM.Collect$$rtentry$$00000000  c_w.l(__rtentry.o)
    0x08000250   0x08000250   0x00000000   Code   RO        14183    .ARM.Collect$$rtentry$$00000002  c_w.l(__rtentry2.o)
    0x08000250   0x08000250   0x00000006   Code   RO        14195    .ARM.Collect$$rtentry$$00000004  c_w.l(__rtentry4.o)
    0x08000256   0x08000256   0x00000000   Code   RO        14185    .ARM.Collect$$rtentry$$00000009  c_w.l(__rtentry2.o)
    0x08000256   0x08000256   0x00000004   Code   RO        14186    .ARM.Collect$$rtentry$$0000000A  c_w.l(__rtentry2.o)
    0x0800025a   0x0800025a   0x00000000   Code   RO        14188    .ARM.Collect$$rtentry$$0000000C  c_w.l(__rtentry2.o)
    0x0800025a   0x0800025a   0x00000008   Code   RO        14189    .ARM.Collect$$rtentry$$0000000D  c_w.l(__rtentry2.o)
    0x08000262   0x08000262   0x00000002   Code   RO        14254    .ARM.Collect$$rtexit$$00000000  c_w.l(rtexit.o)
    0x08000264   0x08000264   0x00000000   Code   RO        14285    .ARM.Collect$$rtexit$$00000002  c_w.l(rtexit2.o)
    0x08000264   0x08000264   0x00000004   Code   RO        14286    .ARM.Collect$$rtexit$$00000003  c_w.l(rtexit2.o)
    0x08000268   0x08000268   0x00000006   Code   RO        14287    .ARM.Collect$$rtexit$$00000004  c_w.l(rtexit2.o)
    0x0800026e   0x0800026e   0x00000002   PAD
    0x08000270   0x08000270   0x000000be   Code   RO         5498    .emb_text           port.o
    0x0800032e   0x0800032e   0x00000002   PAD
    0x08000330   0x08000330   0x00000000   Code   RO        14206    .emb_text           c_w.l(maybetermalloc1.o)
    0x08000330   0x08000330   0x00000040   Code   RO            4    .text               startup_stm32f405xx.o
    0x08000370   0x08000370   0x0000005e   Code   RO        13709    .text               c_w.l(h1_alloc.o)
    0x080003ce   0x080003ce   0x0000004e   Code   RO        13711    .text               c_w.l(h1_free.o)
    0x0800041c   0x0800041c   0x000000ee   Code   RO        13767    .text               c_w.l(lludivv7m.o)
    0x0800050a   0x0800050a   0x00000064   Code   RO        13777    .text               c_w.l(rt_memcpy_w.o)
    0x0800056e   0x0800056e   0x0000004e   Code   RO        13783    .text               c_w.l(rt_memclr_w.o)
    0x080005bc   0x080005bc   0x00000006   Code   RO        13785    .text               c_w.l(heapauxi.o)
    0x080005c2   0x080005c2   0x00000002   PAD
    0x080005c4   0x080005c4   0x00000008   Code   RO        14025    .text               c_w.l(rt_heap_descriptor_intlibspace.o)
    0x080005cc   0x080005cc   0x00000004   Code   RO        14027    .text               c_w.l(hguard.o)
    0x080005d0   0x080005d0   0x0000008a   Code   RO        14029    .text               c_w.l(init_alloc.o)
    0x0800065a   0x0800065a   0x0000000e   Code   RO        14033    .text               c_w.l(h1_init.o)
    0x08000668   0x08000668   0x00000016   Code   RO        14047    .text               c_w.l(_rserrno.o)
    0x0800067e   0x0800067e   0x00000002   PAD
    0x08000680   0x08000680   0x00000008   Code   RO        14179    .text               c_w.l(libspace.o)
    0x08000688   0x08000688   0x00000008   Code   RO        14202    .text               c_w.l(rt_errno_addr_intlibspace.o)
    0x08000690   0x08000690   0x00000034   Code   RO        14208    .text               c_w.l(h1_extend.o)
    0x080006c4   0x080006c4   0x0000000e   Code   RO        14212    .text               c_w.l(defsig_rtmem_outer.o)
    0x080006d2   0x080006d2   0x00000002   Code   RO        14223    .text               c_w.l(use_no_semi.o)
    0x080006d4   0x080006d4   0x00000000   Code   RO        14225    .text               c_w.l(indicate_semi.o)
    0x080006d4   0x080006d4   0x0000004a   Code   RO        14226    .text               c_w.l(sys_stackheap_outer.o)
    0x0800071e   0x0800071e   0x00000012   Code   RO        14232    .text               c_w.l(exit.o)
    0x08000730   0x08000730   0x0000000a   Code   RO        14234    .text               c_w.l(defsig_exit.o)
    0x0800073a   0x0800073a   0x00000002   PAD
    0x0800073c   0x0800073c   0x00000050   Code   RO        14240    .text               c_w.l(defsig_rtmem_inner.o)
    0x0800078c   0x0800078c   0x0000000c   Code   RO        14252    .text               c_w.l(sys_exit.o)
    0x08000798   0x08000798   0x00000032   Code   RO        14262    .text               c_w.l(defsig_general.o)
    0x080007ca   0x080007ca   0x0000000e   Code   RO        14282    .text               c_w.l(sys_wrch.o)
    0x080007d8   0x080007d8   0x00000128   Code   RO          926    i.ADC_Init          stm32f4xx_hal_adc.o
    0x08000900   0x08000900   0x000000ac   Code   RO         5770    i.BUT_IIR_calc_freq_f  filter.o
    0x080009ac   0x080009ac   0x00000002   Code   RO          781    i.BusFault_Handler  stm32f4xx_it.o
    0x080009ae   0x080009ae   0x00000002   PAD
    0x080009b0   0x080009b0   0x00000028   Code   RO         5773    i.Butter_init       filter.o
    0x080009d8   0x080009d8   0x00000076   Code   RO         5774    i.Butter_run        filter.o
    0x08000a4e   0x08000a4e   0x00000038   Code   RO         5775    i.Butter_setCutoffFrequency  filter.o
    0x08000a86   0x08000a86   0x00000002   PAD
    0x08000a88   0x08000a88   0x0000000c   Code   RO          782    i.DMA1_Stream2_IRQHandler  stm32f4xx_it.o
    0x08000a94   0x08000a94   0x00000028   Code   RO         1660    i.DMA_CalcBaseAndBitshift  stm32f4xx_hal_dma.o
    0x08000abc   0x08000abc   0x00000054   Code   RO         1661    i.DMA_CheckFifoParam  stm32f4xx_hal_dma.o
    0x08000b10   0x08000b10   0x00000028   Code   RO         1662    i.DMA_SetConfig     stm32f4xx_hal_dma.o
    0x08000b38   0x08000b38   0x00000002   Code   RO          783    i.DebugMon_Handler  stm32f4xx_it.o
    0x08000b3a   0x08000b3a   0x00000004   Code   RO           13    i.Error_Handler     main.o
    0x08000b3e   0x08000b3e   0x00000002   PAD
    0x08000b40   0x08000b40   0x0000014c   Code   RO          928    i.HAL_ADC_ConfigChannel  stm32f4xx_hal_adc.o
    0x08000c8c   0x08000c8c   0x00000054   Code   RO          937    i.HAL_ADC_Init      stm32f4xx_hal_adc.o
    0x08000ce0   0x08000ce0   0x00000060   Code   RO          511    i.HAL_ADC_MspInit   adc.o
    0x08000d40   0x08000d40   0x0000011a   Code   RO         2365    i.HAL_CAN_Init      stm32f4xx_hal_can.o
    0x08000e5a   0x08000e5a   0x00000002   PAD
    0x08000e5c   0x08000e5c   0x0000006c   Code   RO          554    i.HAL_CAN_MspInit   can.o
    0x08000ec8   0x08000ec8   0x00000092   Code   RO         1663    i.HAL_DMA_Abort     stm32f4xx_hal_dma.o
    0x08000f5a   0x08000f5a   0x00000024   Code   RO         1664    i.HAL_DMA_Abort_IT  stm32f4xx_hal_dma.o
    0x08000f7e   0x08000f7e   0x00000002   PAD
    0x08000f80   0x08000f80   0x000001a0   Code   RO         1668    i.HAL_DMA_IRQHandler  stm32f4xx_hal_dma.o
    0x08001120   0x08001120   0x000000d4   Code   RO         1669    i.HAL_DMA_Init      stm32f4xx_hal_dma.o
    0x080011f4   0x080011f4   0x0000006e   Code   RO         1673    i.HAL_DMA_Start_IT  stm32f4xx_hal_dma.o
    0x08001262   0x08001262   0x00000002   PAD
    0x08001264   0x08001264   0x00000024   Code   RO         2100    i.HAL_Delay         stm32f4xx_hal.o
    0x08001288   0x08001288   0x00000024   Code   RO         5910    i.HAL_Delay_us      soft_iic.o
    0x080012ac   0x080012ac   0x00000024   Code   RO         6490    i.HAL_Delay_us3     qmc5883l.o
    0x080012d0   0x080012d0   0x000001f0   Code   RO         1556    i.HAL_GPIO_Init     stm32f4xx_hal_gpio.o
    0x080014c0   0x080014c0   0x0000000a   Code   RO         1558    i.HAL_GPIO_ReadPin  stm32f4xx_hal_gpio.o
    0x080014ca   0x080014ca   0x0000000a   Code   RO         1560    i.HAL_GPIO_WritePin  stm32f4xx_hal_gpio.o
    0x080014d4   0x080014d4   0x0000000c   Code   RO         2106    i.HAL_GetTick       stm32f4xx_hal.o
    0x080014e0   0x080014e0   0x00000010   Code   RO         2112    i.HAL_IncTick       stm32f4xx_hal.o
    0x080014f0   0x080014f0   0x00000034   Code   RO         2113    i.HAL_Init          stm32f4xx_hal.o
    0x08001524   0x08001524   0x00000098   Code   RO          884    i.HAL_InitTick      stm32f4xx_hal_timebase_tim.o
    0x080015bc   0x080015bc   0x00000038   Code   RO          860    i.HAL_MspInit       stm32f4xx_hal_msp.o
    0x080015f4   0x080015f4   0x0000001a   Code   RO         1948    i.HAL_NVIC_EnableIRQ  stm32f4xx_hal_cortex.o
    0x0800160e   0x0800160e   0x00000002   PAD
    0x08001610   0x08001610   0x00000040   Code   RO         1954    i.HAL_NVIC_SetPriority  stm32f4xx_hal_cortex.o
    0x08001650   0x08001650   0x00000024   Code   RO         1955    i.HAL_NVIC_SetPriorityGrouping  stm32f4xx_hal_cortex.o
    0x08001674   0x08001674   0x00000134   Code   RO         1202    i.HAL_RCC_ClockConfig  stm32f4xx_hal_rcc.o
    0x080017a8   0x080017a8   0x00000040   Code   RO         1206    i.HAL_RCC_GetClockConfig  stm32f4xx_hal_rcc.o
    0x080017e8   0x080017e8   0x00000020   Code   RO         1209    i.HAL_RCC_GetPCLK1Freq  stm32f4xx_hal_rcc.o
    0x08001808   0x08001808   0x00000020   Code   RO         1210    i.HAL_RCC_GetPCLK2Freq  stm32f4xx_hal_rcc.o
    0x08001828   0x08001828   0x00000060   Code   RO         1211    i.HAL_RCC_GetSysClockFreq  stm32f4xx_hal_rcc.o
    0x08001888   0x08001888   0x0000036c   Code   RO         1214    i.HAL_RCC_OscConfig  stm32f4xx_hal_rcc.o
    0x08001bf4   0x08001bf4   0x00000006   Code   RO         2594    i.HAL_SPI_GetState  stm32f4xx_hal_spi.o
    0x08001bfa   0x08001bfa   0x000000bc   Code   RO         2596    i.HAL_SPI_Init      stm32f4xx_hal_spi.o
    0x08001cb6   0x08001cb6   0x00000002   PAD
    0x08001cb8   0x08001cb8   0x00000068   Code   RO          621    i.HAL_SPI_MspInit   spi.o
    0x08001d20   0x08001d20   0x00000154   Code   RO         2599    i.HAL_SPI_Receive   stm32f4xx_hal_spi.o
    0x08001e74   0x08001e74   0x00000166   Code   RO         2604    i.HAL_SPI_Transmit  stm32f4xx_hal_spi.o
    0x08001fda   0x08001fda   0x000001f0   Code   RO         2605    i.HAL_SPI_TransmitReceive  stm32f4xx_hal_spi.o
    0x080021ca   0x080021ca   0x00000002   Code   RO         3613    i.HAL_TIMEx_BreakCallback  stm32f4xx_hal_tim_ex.o
    0x080021cc   0x080021cc   0x00000002   Code   RO         3614    i.HAL_TIMEx_CommutCallback  stm32f4xx_hal_tim_ex.o
    0x080021ce   0x080021ce   0x00000054   Code   RO         3616    i.HAL_TIMEx_ConfigBreakDeadTime  stm32f4xx_hal_tim_ex.o
    0x08002222   0x08002222   0x00000002   PAD
    0x08002224   0x08002224   0x00000090   Code   RO         3632    i.HAL_TIMEx_MasterConfigSynchronization  stm32f4xx_hal_tim_ex.o
    0x080022b4   0x080022b4   0x0000005a   Code   RO         2909    i.HAL_TIM_Base_Init  stm32f4xx_hal_tim.o
    0x0800230e   0x0800230e   0x00000002   PAD
    0x08002310   0x08002310   0x00000058   Code   RO          664    i.HAL_TIM_Base_MspInit  tim.o
    0x08002368   0x08002368   0x00000080   Code   RO         2914    i.HAL_TIM_Base_Start_IT  stm32f4xx_hal_tim.o
    0x080023e8   0x080023e8   0x000000dc   Code   RO         2918    i.HAL_TIM_ConfigClockSource  stm32f4xx_hal_tim.o
    0x080024c4   0x080024c4   0x00000002   Code   RO         2943    i.HAL_TIM_IC_CaptureCallback  stm32f4xx_hal_tim.o
    0x080024c6   0x080024c6   0x00000130   Code   RO         2957    i.HAL_TIM_IRQHandler  stm32f4xx_hal_tim.o
    0x080025f6   0x080025f6   0x00000002   PAD
    0x080025f8   0x080025f8   0x00000054   Code   RO          665    i.HAL_TIM_MspPostInit  tim.o
    0x0800264c   0x0800264c   0x00000002   Code   RO         2960    i.HAL_TIM_OC_DelayElapsedCallback  stm32f4xx_hal_tim.o
    0x0800264e   0x0800264e   0x000000cc   Code   RO         2981    i.HAL_TIM_PWM_ConfigChannel  stm32f4xx_hal_tim.o
    0x0800271a   0x0800271a   0x0000005a   Code   RO         2984    i.HAL_TIM_PWM_Init  stm32f4xx_hal_tim.o
    0x08002774   0x08002774   0x00000028   Code   RO          667    i.HAL_TIM_PWM_MspInit  tim.o
    0x0800279c   0x0800279c   0x00000002   Code   RO         2987    i.HAL_TIM_PWM_PulseFinishedCallback  stm32f4xx_hal_tim.o
    0x0800279e   0x0800279e   0x00000002   PAD
    0x080027a0   0x080027a0   0x000000c8   Code   RO         2989    i.HAL_TIM_PWM_Start  stm32f4xx_hal_tim.o
    0x08002868   0x08002868   0x00000014   Code   RO           14    i.HAL_TIM_PeriodElapsedCallback  main.o
    0x0800287c   0x0800287c   0x00000002   Code   RO         3000    i.HAL_TIM_TriggerCallback  stm32f4xx_hal_tim.o
    0x0800287e   0x0800287e   0x00000002   Code   RO         3892    i.HAL_UARTEx_RxEventCallback  stm32f4xx_hal_uart.o
    0x08002880   0x08002880   0x00000070   Code   RO         3904    i.HAL_UART_DMAStop  stm32f4xx_hal_uart.o
    0x080028f0   0x080028f0   0x00000002   Code   RO         3906    i.HAL_UART_ErrorCallback  stm32f4xx_hal_uart.o
    0x080028f2   0x080028f2   0x00000002   PAD
    0x080028f4   0x080028f4   0x00000270   Code   RO         3909    i.HAL_UART_IRQHandler  stm32f4xx_hal_uart.o
    0x08002b64   0x08002b64   0x00000064   Code   RO         3910    i.HAL_UART_Init     stm32f4xx_hal_uart.o
    0x08002bc8   0x08002bc8   0x000000d8   Code   RO          740    i.HAL_UART_MspInit  usart.o
    0x08002ca0   0x08002ca0   0x0000001c   Code   RO         3914    i.HAL_UART_Receive_DMA  stm32f4xx_hal_uart.o
    0x08002cbc   0x08002cbc   0x00000002   Code   RO         3916    i.HAL_UART_RxCpltCallback  stm32f4xx_hal_uart.o
    0x08002cbe   0x08002cbe   0x00000002   Code   RO         3917    i.HAL_UART_RxHalfCpltCallback  stm32f4xx_hal_uart.o
    0x08002cc0   0x08002cc0   0x00000002   Code   RO         3921    i.HAL_UART_TxCpltCallback  stm32f4xx_hal_uart.o
    0x08002cc2   0x08002cc2   0x00000002   Code   RO          784    i.HardFault_Handler  stm32f4xx_it.o
    0x08002cc4   0x08002cc4   0x00000044   Code   RO         6491    i.IIC_Ack           qmc5883l.o
    0x08002d08   0x08002d08   0x0000000e   Code   RO         6492    i.IIC_Init          qmc5883l.o
    0x08002d16   0x08002d16   0x00000002   PAD
    0x08002d18   0x08002d18   0x00000044   Code   RO         6493    i.IIC_NAck          qmc5883l.o
    0x08002d5c   0x08002d5c   0x00000066   Code   RO         6494    i.IIC_ReadMulByte   qmc5883l.o
    0x08002dc2   0x08002dc2   0x00000002   PAD
    0x08002dc4   0x08002dc4   0x00000064   Code   RO         6495    i.IIC_Read_Byte     qmc5883l.o
    0x08002e28   0x08002e28   0x00000060   Code   RO         6496    i.IIC_Send_Byte     qmc5883l.o
    0x08002e88   0x08002e88   0x00000044   Code   RO         6497    i.IIC_Start         qmc5883l.o
    0x08002ecc   0x08002ecc   0x00000044   Code   RO         6498    i.IIC_Stop          qmc5883l.o
    0x08002f10   0x08002f10   0x00000048   Code   RO         6499    i.IIC_Wait_Ack      qmc5883l.o
    0x08002f58   0x08002f58   0x00000042   Code   RO         6501    i.IIC_Write_Byte    qmc5883l.o
    0x08002f9a   0x08002f9a   0x00000002   PAD
    0x08002f9c   0x08002f9c   0x000002e0   Code   RO         5579    i.IMU_Update_Mahony  imu_bmi088.o
    0x0800327c   0x0800327c   0x0000007c   Code   RO         6314    i.LED_Run           led.o
    0x080032f8   0x080032f8   0x00000090   Code   RO          512    i.MX_ADC1_Init      adc.o
    0x08003388   0x08003388   0x0000003c   Code   RO          555    i.MX_CAN1_Init      can.o
    0x080033c4   0x080033c4   0x0000002c   Code   RO          596    i.MX_DMA_Init       dma.o
    0x080033f0   0x080033f0   0x000000ac   Code   RO          424    i.MX_FREERTOS_Init  freertos.o
    0x0800349c   0x0800349c   0x00000114   Code   RO          396    i.MX_GPIO_Init      gpio.o
    0x080035b0   0x080035b0   0x00000048   Code   RO          622    i.MX_SPI1_Init      spi.o
    0x080035f8   0x080035f8   0x000000b0   Code   RO          668    i.MX_TIM1_Init      tim.o
    0x080036a8   0x080036a8   0x00000068   Code   RO          669    i.MX_TIM3_Init      tim.o
    0x08003710   0x08003710   0x00000068   Code   RO          670    i.MX_TIM8_Init      tim.o
    0x08003778   0x08003778   0x00000040   Code   RO          741    i.MX_UART4_Init     usart.o
    0x080037b8   0x080037b8   0x00000002   Code   RO          785    i.MemManage_Handler  stm32f4xx_it.o
    0x080037ba   0x080037ba   0x0000000e   Code   RO         6503    i.Modules_Init      qmc5883l.o
    0x080037c8   0x080037c8   0x00000002   Code   RO          786    i.NMI_Handler       stm32f4xx_it.o
    0x080037ca   0x080037ca   0x00000002   PAD
    0x080037cc   0x080037cc   0x00000154   Code   RO         6504    i.QMC5883L_GetAngle  qmc5883l.o
    0x08003920   0x08003920   0x00000034   Code   RO         6505    i.QMC5883L_Init     qmc5883l.o
    0x08003954   0x08003954   0x00000028   Code   RO         6344    i.RC_Data_Handle    frsky.o
    0x0800397c   0x0800397c   0x00000018   Code   RO         6345    i.Rssi_decode       frsky.o
    0x08003994   0x08003994   0x0000005c   Code   RO         2633    i.SPI_EndRxTransaction  stm32f4xx_hal_spi.o
    0x080039f0   0x080039f0   0x0000006c   Code   RO         2634    i.SPI_EndRxTxTransaction  stm32f4xx_hal_spi.o
    0x08003a5c   0x08003a5c   0x000000b8   Code   RO         2639    i.SPI_WaitFlagStateUntilTimeout  stm32f4xx_hal_spi.o
    0x08003b14   0x08003b14   0x000000a4   Code   RO         6007    i.SPL06_Config_Pressure  spl06.o
    0x08003bb8   0x08003bb8   0x000000a4   Code   RO         6008    i.SPL06_Config_Temperature  spl06.o
    0x08003c5c   0x08003c5c   0x00000064   Code   RO         6009    i.SPL06_Get_Altitude  spl06.o
    0x08003cc0   0x08003cc0   0x0000002a   Code   RO         6011    i.SPL06_Get_Pressure_Adc  spl06.o
    0x08003cea   0x08003cea   0x0000002a   Code   RO         6012    i.SPL06_Get_Temperature_Adc  spl06.o
    0x08003d14   0x08003d14   0x000001c0   Code   RO         6013    i.SPL06_Init        spl06.o
    0x08003ed4   0x08003ed4   0x00000060   Code   RO         6014    i.SPL06_Read_Buffer  spl06.o
    0x08003f34   0x08003f34   0x00000064   Code   RO         6015    i.SPL06_Read_Reg    spl06.o
    0x08003f98   0x08003f98   0x00000008   Code   RO         6016    i.SPL06_Start       spl06.o
    0x08003fa0   0x08003fa0   0x0000001c   Code   RO         6017    i.SPL06_Update      spl06.o
    0x08003fbc   0x08003fbc   0x000000c8   Code   RO         6018    i.SPL06_Update_Pressure  spl06.o
    0x08004084   0x08004084   0x00000074   Code   RO         6019    i.SPL06_Write_Reg   spl06.o
    0x080040f8   0x080040f8   0x0000010c   Code   RO         6346    i.Sbus_Data_Count   frsky.o
    0x08004204   0x08004204   0x00000050   Code   RO         5911    i.Soft_IIC_ACK      soft_iic.o
    0x08004254   0x08004254   0x00000020   Code   RO         5912    i.Soft_IIC_Init     soft_iic.o
    0x08004274   0x08004274   0x00000024   Code   RO         5913    i.Soft_IIC_Input    soft_iic.o
    0x08004298   0x08004298   0x00000050   Code   RO         5914    i.Soft_IIC_NACK     soft_iic.o
    0x080042e8   0x080042e8   0x00000020   Code   RO         5915    i.Soft_IIC_Output   soft_iic.o
    0x08004308   0x08004308   0x00000078   Code   RO         5916    i.Soft_IIC_Recv_Byte  soft_iic.o
    0x08004380   0x08004380   0x0000004c   Code   RO         5917    i.Soft_IIC_Start    soft_iic.o
    0x080043cc   0x080043cc   0x00000050   Code   RO         5918    i.Soft_IIC_Stop     soft_iic.o
    0x0800441c   0x0800441c   0x00000058   Code   RO         5919    i.Soft_IIC_Wait_ACK  soft_iic.o
    0x08004474   0x08004474   0x00000064   Code   RO         5920    i.Soft_IIC_Write_Byte  soft_iic.o
    0x080044d8   0x080044d8   0x00000020   Code   RO         6507    i.Soft_SCL_Output   qmc5883l.o
    0x080044f8   0x080044f8   0x00000024   Code   RO         6508    i.Soft_SDA_Input    qmc5883l.o
    0x0800451c   0x0800451c   0x00000020   Code   RO         6509    i.Soft_SDA_Output   qmc5883l.o
    0x0800453c   0x0800453c   0x00000008   Code   RO          425    i.StartDefaultTask  freertos.o
    0x08004544   0x08004544   0x0000002c   Code   RO         5499    i.SysTick_Handler   port.o
    0x08004570   0x08004570   0x00000094   Code   RO           15    i.SystemClock_Config  main.o
    0x08004604   0x08004604   0x00000010   Code   RO         4244    i.SystemInit        system_stm32f4xx.o
    0x08004614   0x08004614   0x0000000c   Code   RO         6511    i.TASK_QMC5883L     qmc5883l.o
    0x08004620   0x08004620   0x0000001c   Code   RO          787    i.TIM8_TRG_COM_TIM14_IRQHandler  stm32f4xx_it.o
    0x0800463c   0x0800463c   0x000000d8   Code   RO         3002    i.TIM_Base_SetConfig  stm32f4xx_hal_tim.o
    0x08004714   0x08004714   0x0000001a   Code   RO         3003    i.TIM_CCxChannelCmd  stm32f4xx_hal_tim.o
    0x0800472e   0x0800472e   0x00000014   Code   RO         3013    i.TIM_ETR_SetConfig  stm32f4xx_hal_tim.o
    0x08004742   0x08004742   0x00000010   Code   RO         3014    i.TIM_ITRx_SetConfig  stm32f4xx_hal_tim.o
    0x08004752   0x08004752   0x00000002   PAD
    0x08004754   0x08004754   0x00000060   Code   RO         3015    i.TIM_OC1_SetConfig  stm32f4xx_hal_tim.o
    0x080047b4   0x080047b4   0x0000006c   Code   RO         3016    i.TIM_OC2_SetConfig  stm32f4xx_hal_tim.o
    0x08004820   0x08004820   0x00000068   Code   RO         3017    i.TIM_OC3_SetConfig  stm32f4xx_hal_tim.o
    0x08004888   0x08004888   0x00000050   Code   RO         3018    i.TIM_OC4_SetConfig  stm32f4xx_hal_tim.o
    0x080048d8   0x080048d8   0x00000022   Code   RO         3020    i.TIM_TI1_ConfigInputStage  stm32f4xx_hal_tim.o
    0x080048fa   0x080048fa   0x00000024   Code   RO         3022    i.TIM_TI2_ConfigInputStage  stm32f4xx_hal_tim.o
    0x0800491e   0x0800491e   0x00000002   PAD
    0x08004920   0x08004920   0x0000004c   Code   RO          788    i.UART4_IRQHandler  stm32f4xx_it.o
    0x0800496c   0x0800496c   0x00000010   Code   RO         3923    i.UART_DMAAbortOnError  stm32f4xx_hal_uart.o
    0x0800497c   0x0800497c   0x0000004a   Code   RO         3924    i.UART_DMAError     stm32f4xx_hal_uart.o
    0x080049c6   0x080049c6   0x00000086   Code   RO         3925    i.UART_DMAReceiveCplt  stm32f4xx_hal_uart.o
    0x08004a4c   0x08004a4c   0x0000001e   Code   RO         3927    i.UART_DMARxHalfCplt  stm32f4xx_hal_uart.o
    0x08004a6a   0x08004a6a   0x0000004e   Code   RO         3933    i.UART_EndRxTransfer  stm32f4xx_hal_uart.o
    0x08004ab8   0x08004ab8   0x0000001c   Code   RO         3934    i.UART_EndTxTransfer  stm32f4xx_hal_uart.o
    0x08004ad4   0x08004ad4   0x000000c2   Code   RO         3935    i.UART_Receive_IT   stm32f4xx_hal_uart.o
    0x08004b96   0x08004b96   0x00000002   PAD
    0x08004b98   0x08004b98   0x0000010c   Code   RO         3936    i.UART_SetConfig    stm32f4xx_hal_uart.o
    0x08004ca4   0x08004ca4   0x00000090   Code   RO         3937    i.UART_Start_Receive_DMA  stm32f4xx_hal_uart.o
    0x08004d34   0x08004d34   0x00000002   Code   RO          789    i.UsageFault_Handler  stm32f4xx_it.o
    0x08004d36   0x08004d36   0x00000002   PAD
    0x08004d38   0x08004d38   0x00000080   Code   RO         5583    i.Vector_b2w        imu_bmi088.o
    0x08004db8   0x08004db8   0x00000080   Code   RO         5584    i.Vector_w2b        imu_bmi088.o
    0x08004e38   0x08004e38   0x00000030   Code   RO        14142    i.__ARM_fpclassify  m_wm.l(fpclassify.o)
    0x08004e68   0x08004e68   0x00000026   Code   RO        14144    i.__ARM_fpclassifyf  m_wm.l(fpclassifyf.o)
    0x08004e8e   0x08004e8e   0x00000020   Code   RO         1961    i.__NVIC_SetPriority  stm32f4xx_hal_cortex.o
    0x08004eae   0x08004eae   0x00000002   PAD
    0x08004eb0   0x08004eb0   0x0000012c   Code   RO        13831    i.__hardfp_asinf    m_wm.l(asinf.o)
    0x08004fdc   0x08004fdc   0x00000004   PAD
    0x08004fe0   0x08004fe0   0x000002d8   Code   RO        14111    i.__hardfp_atan     m_wm.l(atan.o)
    0x080052b8   0x080052b8   0x000001f0   Code   RO        13843    i.__hardfp_atan2    m_wm.l(atan2.o)
    0x080054a8   0x080054a8   0x00000250   Code   RO        13855    i.__hardfp_atan2f   m_wm.l(atan2f.o)
    0x080056f8   0x080056f8   0x00000150   Code   RO        13879    i.__hardfp_cosf     m_wm.l(cosf.o)
    0x08005848   0x08005848   0x000001e8   Code   RO        13905    i.__hardfp_expf     m_wm.l(expf.o)
    0x08005a30   0x08005a30   0x0000016c   Code   RO        13939    i.__hardfp_logf     m_wm.l(logf.o)
    0x08005b9c   0x08005b9c   0x0000017c   Code   RO        13991    i.__hardfp_tanf     m_wm.l(tanf.o)
    0x08005d18   0x08005d18   0x000000f8   Code   RO        14160    i.__kernel_poly     m_wm.l(poly.o)
    0x08005e10   0x08005e10   0x00000014   Code   RO        14129    i.__mathlib_dbl_infnan  m_wm.l(dunder.o)
    0x08005e24   0x08005e24   0x00000014   Code   RO        14130    i.__mathlib_dbl_infnan2  m_wm.l(dunder.o)
    0x08005e38   0x08005e38   0x00000020   Code   RO        14134    i.__mathlib_dbl_underflow  m_wm.l(dunder.o)
    0x08005e58   0x08005e58   0x00000014   Code   RO        14146    i.__mathlib_flt_divzero  m_wm.l(funder.o)
    0x08005e6c   0x08005e6c   0x00000006   Code   RO        14147    i.__mathlib_flt_infnan  m_wm.l(funder.o)
    0x08005e72   0x08005e72   0x00000006   Code   RO        14148    i.__mathlib_flt_infnan2  m_wm.l(funder.o)
    0x08005e78   0x08005e78   0x00000010   Code   RO        14149    i.__mathlib_flt_invalid  m_wm.l(funder.o)
    0x08005e88   0x08005e88   0x00000010   Code   RO        14150    i.__mathlib_flt_overflow  m_wm.l(funder.o)
    0x08005e98   0x08005e98   0x00000010   Code   RO        14152    i.__mathlib_flt_underflow  m_wm.l(funder.o)
    0x08005ea8   0x08005ea8   0x00000154   Code   RO        14168    i.__mathlib_rredf2  m_wm.l(rredf.o)
    0x08005ffc   0x08005ffc   0x0000002c   Code   RO        10988    i.arm_mean_f32      statisticsfunctions.o
    0x08006028   0x08006028   0x0000006c   Code   RO        11020    i.arm_var_f32       statisticsfunctions.o
    0x08006094   0x08006094   0x00000010   Code   RO        14113    i.atan              m_wm.l(atan.o)
    0x080060a4   0x080060a4   0x0000001c   Code   RO          426    i.baro_             freertos.o
    0x080060c0   0x080060c0   0x00000018   Code   RO         7047    i.bmi088_init       bmi088.o
    0x080060d8   0x080060d8   0x00000052   Code   RO         6697    i.bmi08a_get_data   bmi08a.o
    0x0800612a   0x0800612a   0x00000038   Code   RO         6703    i.bmi08a_get_meas_conf  bmi08a.o
    0x08006162   0x08006162   0x00000024   Code   RO         6704    i.bmi08a_get_power_mode  bmi08a.o
    0x08006186   0x08006186   0x00000050   Code   RO         6709    i.bmi08a_init       bmi08a.o
    0x080061d6   0x080061d6   0x00000088   Code   RO         6716    i.bmi08a_set_meas_conf  bmi08a.o
    0x0800625e   0x0800625e   0x0000005c   Code   RO         6717    i.bmi08a_set_power_mode  bmi08a.o
    0x080062ba   0x080062ba   0x00000040   Code   RO         6719    i.bmi08a_soft_reset  bmi08a.o
    0x080062fa   0x080062fa   0x00000052   Code   RO         6918    i.bmi08g_get_data   bmi08g.o
    0x0800634c   0x0800634c   0x00000032   Code   RO         6922    i.bmi08g_init       bmi08g.o
    0x0800637e   0x0800637e   0x0000008a   Code   RO         6925    i.bmi08g_set_meas_conf  bmi08g.o
    0x08006408   0x08006408   0x00000062   Code   RO         6926    i.bmi08g_set_power_mode  bmi08g.o
    0x0800646a   0x0800646a   0x0000000c   Code   RO          427    i.control_          freertos.o
    0x08006476   0x08006476   0x00000018   Code   RO        13921    i.fabs              m_wm.l(fabs.o)
    0x0800648e   0x0800648e   0x00000002   PAD
    0x08006490   0x08006490   0x00000064   Code   RO         6723    i.get_regs          bmi08a.o
    0x080064f4   0x080064f4   0x0000002c   Code   RO         6929    i.get_regs          bmi08g.o
    0x08006520   0x08006520   0x000000dc   Code   RO         5587    i.imuComputeRotationMatrix  imu_bmi088.o
    0x080065fc   0x080065fc   0x00000028   Code   RO          428    i.imu_              freertos.o
    0x08006624   0x08006624   0x00000108   Code   RO         5588    i.imu_bmi088_init   imu_bmi088.o
    0x0800672c   0x0800672c   0x0000000c   Code   RO          429    i.led_              freertos.o
    0x08006738   0x08006738   0x0000004c   Code   RO           16    i.main              main.o
    0x08006784   0x08006784   0x0000000c   Code   RO         5064    i.makeFreeRtosPriority  cmsis_os.o
    0x08006790   0x08006790   0x00000018   Code   RO         6725    i.null_ptr_check    bmi08a.o
    0x080067a8   0x080067a8   0x00000018   Code   RO         6930    i.null_ptr_check    bmi08g.o
    0x080067c0   0x080067c0   0x0000000e   Code   RO         5066    i.osDelay           cmsis_os.o
    0x080067ce   0x080067ce   0x0000000a   Code   RO         5069    i.osKernelStart     cmsis_os.o
    0x080067d8   0x080067d8   0x00000054   Code   RO         5103    i.osThreadCreate    cmsis_os.o
    0x0800682c   0x0800682c   0x000000e8   Code   RO         5592    i.processAccBias    imu_bmi088.o
    0x08006914   0x08006914   0x00000100   Code   RO         5594    i.processGyroBias   imu_bmi088.o
    0x08006a14   0x08006a14   0x00000230   Code   RO         5596    i.process_bmi088_data  imu_bmi088.o
    0x08006c44   0x08006c44   0x00000070   Code   RO         4746    i.prvAddCurrentTaskToDelayedList  tasks.o
    0x08006cb4   0x08006cb4   0x000000d0   Code   RO         4747    i.prvAddNewTaskToReadyList  tasks.o
    0x08006d84   0x08006d84   0x00000034   Code   RO         4748    i.prvDeleteTCB      tasks.o
    0x08006db8   0x08006db8   0x0000004c   Code   RO         5431    i.prvHeapInit       heap_4.o
    0x08006e04   0x08006e04   0x00000060   Code   RO         4749    i.prvIdleTask       tasks.o
    0x08006e64   0x08006e64   0x00000098   Code   RO         4750    i.prvInitialiseNewTask  tasks.o
    0x08006efc   0x08006efc   0x0000004c   Code   RO         5432    i.prvInsertBlockIntoFreeList  heap_4.o
    0x08006f48   0x08006f48   0x00000020   Code   RO         4751    i.prvResetNextTaskUnblockTime  tasks.o
    0x08006f68   0x08006f68   0x00000028   Code   RO         5500    i.prvTaskExitError  port.o
    0x08006f90   0x08006f90   0x000000dc   Code   RO         5433    i.pvPortMalloc      heap_4.o
    0x0800706c   0x0800706c   0x0000002c   Code   RO         5501    i.pxPortInitialiseStack  port.o
    0x08007098   0x08007098   0x00000008   Code   RO          430    i.rc_               freertos.o
    0x080070a0   0x080070a0   0x00000008   Code   RO          431    i.sbus_             freertos.o
    0x080070a8   0x080070a8   0x0000002c   Code   RO         6727    i.set_regs          bmi08a.o
    0x080070d4   0x080070d4   0x0000002c   Code   RO         6932    i.set_regs          bmi08g.o
    0x08007100   0x08007100   0x0000003e   Code   RO        13981    i.sqrtf             m_wm.l(sqrtf.o)
    0x0800713e   0x0800713e   0x00000002   PAD
    0x08007140   0x08007140   0x0000006c   Code   RO         5921    i.stm32_soft_i2c_read  soft_iic.o
    0x080071ac   0x080071ac   0x00000052   Code   RO         5922    i.stm32_soft_i2c_write  soft_iic.o
    0x080071fe   0x080071fe   0x00000002   PAD
    0x08007200   0x08007200   0x00000050   Code   RO         5601    i.stm32_spi_read    imu_bmi088.o
    0x08007250   0x08007250   0x00000064   Code   RO         5602    i.stm32_spi_write   imu_bmi088.o
    0x080072b4   0x080072b4   0x000002e8   Code   RO         5886    i.system_init       system.o
    0x0800759c   0x0800759c   0x000000dc   Code   RO         6436    i.tense_move        control.o
    0x08007678   0x08007678   0x0000022c   Code   RO         6438    i.tense_update      control.o
    0x080078a4   0x080078a4   0x00000026   Code   RO         4382    i.uxListRemove      list.o
    0x080078ca   0x080078ca   0x00000002   PAD
    0x080078cc   0x080078cc   0x00000014   Code   RO          432    i.vApplicationGetIdleTaskMemory  freertos.o
    0x080078e0   0x080078e0   0x00000016   Code   RO         4383    i.vListInitialise   list.o
    0x080078f6   0x080078f6   0x00000006   Code   RO         4384    i.vListInitialiseItem  list.o
    0x080078fc   0x080078fc   0x00000030   Code   RO         4385    i.vListInsert       list.o
    0x0800792c   0x0800792c   0x00000018   Code   RO         4386    i.vListInsertEnd    list.o
    0x08007944   0x08007944   0x00000040   Code   RO         5503    i.vPortEnterCritical  port.o
    0x08007984   0x08007984   0x00000028   Code   RO         5504    i.vPortExitCritical  port.o
    0x080079ac   0x080079ac   0x00000064   Code   RO         5434    i.vPortFree         heap_4.o
    0x08007a10   0x08007a10   0x00000024   Code   RO         5505    i.vPortSetupTimerInterrupt  port.o
    0x08007a34   0x08007a34   0x0000004c   Code   RO         4760    i.vTaskDelay        tasks.o
    0x08007a80   0x08007a80   0x0000006c   Code   RO         4773    i.vTaskStartScheduler  tasks.o
    0x08007aec   0x08007aec   0x00000010   Code   RO         4775    i.vTaskSuspendAll   tasks.o
    0x08007afc   0x08007afc   0x0000005c   Code   RO         4776    i.vTaskSwitchContext  tasks.o
    0x08007b58   0x08007b58   0x000000f4   Code   RO         5507    i.xPortStartScheduler  port.o
    0x08007c4c   0x08007c4c   0x0000005a   Code   RO         4779    i.xTaskCreate       tasks.o
    0x08007ca6   0x08007ca6   0x00000056   Code   RO         4780    i.xTaskCreateStatic  tasks.o
    0x08007cfc   0x08007cfc   0x000000cc   Code   RO         4787    i.xTaskIncrementTick  tasks.o
    0x08007dc8   0x08007dc8   0x000000c4   Code   RO         4793    i.xTaskResumeAll    tasks.o
    0x08007e8c   0x08007e8c   0x00000018   Code   RO        13789    x$fpl$basic         fz_wm.l(basic.o)
    0x08007ea4   0x08007ea4   0x00000062   Code   RO        13791    x$fpl$d2f           fz_wm.l(d2f.o)
    0x08007f06   0x08007f06   0x00000002   PAD
    0x08007f08   0x08007f08   0x00000150   Code   RO        13793    x$fpl$dadd          fz_wm.l(daddsub_clz.o)
    0x08008058   0x08008058   0x000002b0   Code   RO        13800    x$fpl$ddiv          fz_wm.l(ddiv.o)
    0x08008308   0x08008308   0x0000002e   Code   RO        13814    x$fpl$dflt          fz_wm.l(dflt_clz.o)
    0x08008336   0x08008336   0x00000002   PAD
    0x08008338   0x08008338   0x00000154   Code   RO        13821    x$fpl$dmul          fz_wm.l(dmul.o)
    0x0800848c   0x0800848c   0x0000009c   Code   RO        14098    x$fpl$dnaninf       fz_wm.l(dnaninf.o)
    0x08008528   0x08008528   0x0000000c   Code   RO        14100    x$fpl$dretinf       fz_wm.l(dretinf.o)
    0x08008534   0x08008534   0x00000016   Code   RO        13794    x$fpl$drsb          fz_wm.l(daddsub_clz.o)
    0x0800854a   0x0800854a   0x00000002   PAD
    0x0800854c   0x0800854c   0x000001d4   Code   RO        13795    x$fpl$dsub          fz_wm.l(daddsub_clz.o)
    0x08008720   0x08008720   0x00000056   Code   RO        13825    x$fpl$f2d           fz_wm.l(f2d.o)
    0x08008776   0x08008776   0x0000008c   Code   RO        14104    x$fpl$fnaninf       fz_wm.l(fnaninf.o)
    0x08008802   0x08008802   0x0000000a   Code   RO        14221    x$fpl$fpinit        fz_wm.l(fpinit.o)
    0x0800880c   0x0800880c   0x0000000a   Code   RO        14106    x$fpl$fretinf       fz_wm.l(fretinf.o)
    0x08008816   0x08008816   0x00000000   Code   RO        14110    x$fpl$usenofp       fz_wm.l(usenofp.o)
    0x08008816   0x08008816   0x00000002   PAD
    0x08008818   0x08008818   0x000000c4   Data   RO          434    .constdata          freertos.o
    0x080088dc   0x080088dc   0x00000008   Data   RO         1675    .constdata          stm32f4xx_hal_dma.o
    0x080088e4   0x080088e4   0x00000010   Data   RO         4245    .constdata          system_stm32f4xx.o
    0x080088f4   0x080088f4   0x00000008   Data   RO         4246    .constdata          system_stm32f4xx.o
    0x080088fc   0x080088fc   0x00000030   Data   RO        13908    .constdata          m_wm.l(expf.o)
    0x0800892c   0x0800892c   0x00000040   Data   RO        13942    .constdata          m_wm.l(logf.o)
    0x0800896c   0x0800896c   0x00000004   PAD
    0x08008970   0x08008970   0x00000098   Data   RO        14114    .constdata          m_wm.l(atan.o)
    0x08008a08   0x08008a08   0x00000008   Data   RO        14162    .constdata          m_wm.l(qnan.o)
    0x08008a10   0x08008a10   0x00000020   Data   RO        14169    .constdata          m_wm.l(rredf.o)
    0x08008a30   0x08008a30   0x00000054   Data   RO          435    .conststring        freertos.o
    0x08008a84   0x08008a84   0x00000020   Data   RO        14310    Region$$Table       anon$$obj.o


    Execution Region RW_IRAM1 (Exec base: 0x20000000, Load base: 0x08008aa4, Size: 0x000104d8, Max: 0x0001c000, ABSOLUTE, COMPRESSED[0x000000e4])

    Exec Addr    Load Addr    Size         Type   Attr      Idx    E Section Name        Object

    0x20000000   COMPRESSED   0x0000001c   Data   RW          436    .data               freertos.o
    0x2000001c   COMPRESSED   0x00000008   Data   RW          790    .data               stm32f4xx_it.o
    0x20000024   COMPRESSED   0x0000000c   Data   RW         2120    .data               stm32f4xx_hal.o
    0x20000030   COMPRESSED   0x00000004   Data   RW         4247    .data               system_stm32f4xx.o
    0x20000034   COMPRESSED   0x0000003c   Data   RW         4796    .data               tasks.o
    0x20000070   COMPRESSED   0x00000020   Data   RW         5440    .data               heap_4.o
    0x20000090   COMPRESSED   0x0000000c   Data   RW         5508    .data               port.o
    0x2000009c   COMPRESSED   0x00000274   Data   RW         5606    .data               imu_bmi088.o
    0x20000310   COMPRESSED   0x00000020   Data   RW         6021    .data               spl06.o
    0x20000330   COMPRESSED   0x00000004   Data   RW         6315    .data               led.o
    0x20000334   COMPRESSED   0x00000038   Data   RW         6403    .data               rc.o
    0x2000036c   COMPRESSED   0x0000008c   Data   RW         6440    .data               control.o
    0x200003f8   COMPRESSED   0x00000022   Data   RW         6514    .data               qmc5883l.o
    0x2000041a   COMPRESSED   0x00000002   PAD
    0x2000041c        -       0x000000fa   Zero   RW           17    .bss                main.o
    0x20000516   COMPRESSED   0x00000002   PAD
    0x20000518        -       0x00000254   Zero   RW          433    .bss                freertos.o
    0x2000076c        -       0x00000048   Zero   RW          513    .bss                adc.o
    0x200007b4        -       0x00000028   Zero   RW          556    .bss                can.o
    0x200007dc        -       0x00000058   Zero   RW          623    .bss                spi.o
    0x20000834        -       0x000000d8   Zero   RW          671    .bss                tim.o
    0x2000090c        -       0x000000a8   Zero   RW          742    .bss                usart.o
    0x200009b4        -       0x00000048   Zero   RW          887    .bss                stm32f4xx_hal_timebase_tim.o
    0x200009fc        -       0x000000f0   Zero   RW         4795    .bss                tasks.o
    0x20000aec        -       0x00003c00   Zero   RW         5439    .bss                heap_4.o
    0x200046ec        -       0x000090a8   Zero   RW         5603    .bss                imu_bmi088.o
    0x2000d794        -       0x000000a8   Zero   RW         5785    .bss                filter.o
    0x2000d83c        -       0x000000a8   Zero   RW         5786    .bss                filter.o
    0x2000d8e4        -       0x000000a8   Zero   RW         5787    .bss                filter.o
    0x2000d98c        -       0x000000a8   Zero   RW         5788    .bss                filter.o
    0x2000da34        -       0x000000a8   Zero   RW         5789    .bss                filter.o
    0x2000dadc        -       0x00000070   Zero   RW         5790    .bss                filter.o
    0x2000db4c        -       0x00000070   Zero   RW         5791    .bss                filter.o
    0x2000dbbc        -       0x00000070   Zero   RW         5792    .bss                filter.o
    0x2000dc2c        -       0x000000a8   Zero   RW         5793    .bss                filter.o
    0x2000dcd4        -       0x000000a8   Zero   RW         5794    .bss                filter.o
    0x2000dd7c        -       0x000000a8   Zero   RW         5795    .bss                filter.o
    0x2000de24        -       0x000000a8   Zero   RW         5796    .bss                filter.o
    0x2000decc        -       0x000000a8   Zero   RW         5797    .bss                filter.o
    0x2000df74        -       0x000000a8   Zero   RW         5798    .bss                filter.o
    0x2000e01c        -       0x000000a8   Zero   RW         5799    .bss                filter.o
    0x2000e0c4        -       0x000000a8   Zero   RW         5800    .bss                filter.o
    0x2000e16c        -       0x000000a8   Zero   RW         5801    .bss                filter.o
    0x2000e214        -       0x000000a8   Zero   RW         5802    .bss                filter.o
    0x2000e2bc        -       0x000000a8   Zero   RW         5803    .bss                filter.o
    0x2000e364        -       0x000000a8   Zero   RW         5804    .bss                filter.o
    0x2000e40c        -       0x00000040   Zero   RW         6020    .bss                spl06.o
    0x2000e44c        -       0x00000020   Zero   RW         6348    .bss                frsky.o
    0x2000e46c        -       0x0000000c   Zero   RW         6512    .bss                qmc5883l.o
    0x2000e478        -       0x00000060   Zero   RW        14180    .bss                c_w.l(libspace.o)
    0x2000e4d8        -       0x00001000   Zero   RW            2    HEAP                startup_stm32f405xx.o
    0x2000f4d8        -       0x00001000   Zero   RW            1    STACK               startup_stm32f405xx.o


    Execution Region RW_IRAM2 (Exec base: 0x2001c000, Load base: 0x08008b88, Size: 0x00000000, Max: 0x00004000, ABSOLUTE)

    **** No section assigned to this execution region ****


==============================================================================

Image component sizes


      Code (inc. data)   RO Data    RW Data    ZI Data      Debug   Object Name

       240         26          0          0         72       1653   adc.o
        24          0          0          0          0       1159   bmi088.o
       714         10          0          0          0      25124   bmi08a.o
       480         12          0          0          0       6067   bmi08g.o
       168         22          0          0         40       1597   can.o
       120          0          0          0          0      23089   cmsis_os.o
       776         44          0        140          0       3138   control.o
        44          4          0          0          0        730   dma.o
         0          0          0          0          0      16796   event_groups.o
       386         16          0          0       3192       5470   filter.o
       308         28        280         28        596       5628   freertos.o
       332         20          0          0         32       1958   frsky.o
       276         16          0          0          0        987   gpio.o
       472         24          0         32      15360       7259   heap_4.o
      2704        178          0        628      37032      16589   imu_bmi088.o
       124         16          0          4          0        807   led.o
       138          0          0          0          0       3414   list.o
       248         24          0          0        250     724992   main.o
       702         72          0         12          0      10748   port.o
      1276         70          0         34         12      13992   qmc5883l.o
         0          0          0         56          0       1640   rc.o
       950         48          0          0          0       8039   soft_iic.o
       176         22          0          0         88       1601   spi.o
      1508        172          0         32         64      10355   spl06.o
        64         26        392          0       8192        820   startup_stm32f405xx.o
       152          8          0          0          0       2869   statisticsfunctions.o
       116         18          0         12          0       8562   stm32f4xx_hal.o
       712         28          0          0          0       2787   stm32f4xx_hal_adc.o
       282          0          0          0          0       1363   stm32f4xx_hal_can.o
       158         14          0          0          0      32918   stm32f4xx_hal_cortex.o
      1084         16          8          0          0       7150   stm32f4xx_hal_dma.o
       516         46          0          0          0       2767   stm32f4xx_hal_gpio.o
        56          4          0          0          0        822   stm32f4xx_hal_msp.o
      1408         82          0          0          0       5745   stm32f4xx_hal_rcc.o
      1772         14          0          0          0       8805   stm32f4xx_hal_spi.o
      1980        138          0          0          0      16048   stm32f4xx_hal_tim.o
       232         28          0          0          0       3201   stm32f4xx_hal_tim_ex.o
       152         20          0          0         72       1416   stm32f4xx_hal_timebase_tim.o
      1840         30          0          0          0      13445   stm32f4xx_hal_uart.o
       128         28          0          8          0       4858   stm32f4xx_it.o
         0          0          0          0          0        392   stream_buffer.o
       744        104          0          0          0        866   system.o
        16          4         24          4          0       1063   system_stm32f4xx.o
      1520        112          0         60        240      19102   tasks.o
       596         60          0          0        216       4172   tim.o
       280         36          0          0        168       1746   usart.o

    ----------------------------------------------------------------------
     26024       1640        736       1052      65628    1033749   Object Totals
         0          0         32          0          0          0   (incl. Generated)
        50          0          0          2          2          0   (incl. Padding)

    ----------------------------------------------------------------------

      Code (inc. data)   RO Data    RW Data    ZI Data      Debug   Library Member Name

        90          0          0          0          0          0   __dczerorl2.o
         8          0          0          0          0         68   __main.o
         0          0          0          0          0          0   __rtentry.o
        12          0          0          0          0          0   __rtentry2.o
         6          0          0          0          0          0   __rtentry4.o
        52          8          0          0          0          0   __scatter.o
        28          0          0          0          0          0   __scatter_zi.o
        22          0          0          0          0        100   _rserrno.o
        10          0          0          0          0         68   defsig_exit.o
        50          0          0          0          0         88   defsig_general.o
        80         58          0          0          0         76   defsig_rtmem_inner.o
        14          0          0          0          0         80   defsig_rtmem_outer.o
        18          0          0          0          0         80   exit.o
        94          0          0          0          0         80   h1_alloc.o
        52          0          0          0          0         68   h1_extend.o
        78          0          0          0          0         80   h1_free.o
        14          0          0          0          0         84   h1_init.o
         6          0          0          0          0        152   heapauxi.o
         4          0          0          0          0        136   hguard.o
         0          0          0          0          0          0   indicate_semi.o
       138          0          0          0          0        168   init_alloc.o
         2          0          0          0          0          0   libinit.o
        14          0          0          0          0          0   libinit2.o
         2          0          0          0          0          0   libshutdown.o
         2          0          0          0          0          0   libshutdown2.o
         8          4          0          0         96         68   libspace.o
       238          0          0          0          0        100   lludivv7m.o
         0          0          0          0          0          0   maybetermalloc1.o
         8          4          0          0          0         68   rt_errno_addr_intlibspace.o
         8          4          0          0          0         68   rt_heap_descriptor_intlibspace.o
        78          0          0          0          0         80   rt_memclr_w.o
       100          0          0          0          0         80   rt_memcpy_w.o
         2          0          0          0          0          0   rtexit.o
        10          0          0          0          0          0   rtexit2.o
        12          4          0          0          0         68   sys_exit.o
        74          0          0          0          0         80   sys_stackheap_outer.o
        14          0          0          0          0         76   sys_wrch.o
         2          0          0          0          0         68   use_no_semi.o
        24          0          0          0          0        164   basic.o
        98          4          0          0          0        140   d2f.o
       826         16          0          0          0        492   daddsub_clz.o
       688        140          0          0          0        256   ddiv.o
        46          0          0          0          0        116   dflt_clz.o
       340         12          0          0          0        152   dmul.o
       156          4          0          0          0        140   dnaninf.o
        12          0          0          0          0        116   dretinf.o
        86          4          0          0          0        132   f2d.o
       140          4          0          0          0        132   fnaninf.o
        10          0          0          0          0        116   fpinit.o
        10          0          0          0          0        116   fretinf.o
         0          0          0          0          0          0   usenofp.o
       300         42          0          0          0        176   asinf.o
       744        106        152          0          0        352   atan.o
       496         64          0          0          0        192   atan2.o
       592         90          0          0          0        184   atan2f.o
       336         56          0          0          0        136   cosf.o
        72          8          0          0          0        372   dunder.o
       488         62         48          0          0        236   expf.o
        24          0          0          0          0        124   fabs.o
        48          0          0          0          0        124   fpclassify.o
        38          0          0          0          0        116   fpclassifyf.o
        80         24          0          0          0        696   funder.o
       364         44         64          0          0        140   logf.o
       248          0          0          0          0        152   poly.o
         0          0          8          0          0          0   qnan.o
       340         24         32          0          0        160   rredf.o
        62          0          0          0          0        136   sqrtf.o
       380         58          0          0          0        200   tanf.o

    ----------------------------------------------------------------------
      8424        848        308          0         96       7652   Library Totals
        26          4          4          0          0          0   (incl. Padding)

    ----------------------------------------------------------------------

      Code (inc. data)   RO Data    RW Data    ZI Data      Debug   Library Name

      1350         82          0          0         96       2084   c_w.l
      2436        184          0          0          0       2072   fz_wm.l
      4612        578        304          0          0       3496   m_wm.l

    ----------------------------------------------------------------------
      8424        848        308          0         96       7652   Library Totals

    ----------------------------------------------------------------------

==============================================================================


      Code (inc. data)   RO Data    RW Data    ZI Data      Debug   

     34448       2488       1044       1052      65724    1013909   Grand Totals
     34448       2488       1044        228      65724    1013909   ELF Image Totals (compressed)
     34448       2488       1044        228          0          0   ROM Totals

==============================================================================

    Total RO  Size (Code + RO Data)                35492 (  34.66kB)
    Total RW  Size (RW Data + ZI Data)             66776 (  65.21kB)
    Total ROM Size (Code + RO Data + RW Data)      35720 (  34.88kB)

==============================================================================

